[2026-05-02T09:04:56Z INFO ] 🚀 A new version of espflash is available: v4.4.0
[2026-05-02T09:04:56Z INFO ] Serial port: '/dev/ttyACM0'
[2026-05-02T09:04:56Z INFO ] Connecting...
[2026-05-02T09:04:57Z INFO ] Using flash stub
ets Jul 29 2019 12:21:46

rst:0x1 (POWERON_RESET),boot:0x17 (SPI_FAST_FLASH_BOOT)
configsip: 0, SPIWP:0xee
clk_drv:0x00,q_drv:0x00,d_drv:0x00,cs0_drv:0x00,hd_drv:0x00,wp_drv:0x00
mode:DIO, clock div:2
load:0x3fff0030,len:7104
load:0x40078000,len:15576
load:0x40080400,len:4
ho 8 tail 4 room 4
load:0x40080404,len:3876
entry 0x4008064c
[0;32mI (31) boot: ESP-IDF v5.1-beta1-378-gea5e0ff298-dirt 2nd stage bootloader[0m
[0;32mI (31) boot: compile time Jun  7 2023 07:48:23[0m
[0;32mI (33) boot: Multicore bootloader[0m
[0;32mI (37) boot: chip revision: v3.1[0m
[0;32mI (41) boot.esp32: SPI Speed      : 40MHz[0m
[0;32mI (46) boot.esp32: SPI Mode       : DIO[0m
[0;32mI (50) boot.esp32: SPI Flash Size : 4MB[0m
[0;32mI (55) boot: Enabling RNG early entropy source...[0m
[0;32mI (60) boot: Partition Table:[0m
[0;32mI (64) boot: ## Label            Usage          Type ST Offset   Length[0m
[0;32mI (71) boot:  0 nvs              WiFi data        01 02 00009000 00006000[0m
[0;32mI (79) boot:  1 phy_init         RF data          01 01 0000f000 00001000[0m
[0;32mI (86) boot:  2 factory          factory app      00 00 00010000 003f0000[0m
[0;32mI (94) boot: End of partition table[0m
[0;32mI (98) esp_image: segment 0: paddr=00010020 vaddr=3f400020 size=126398h (1205144) map[0m
[0;32mI (542) esp_image: segment 1: paddr=001363c0 vaddr=3ffb0000 size=02f98h ( 12184) load[0m
[0;32mI (547) esp_image: segment 2: paddr=00139360 vaddr=40080000 size=06cb8h ( 27832) load[0m
[0;32mI (559) esp_image: segment 3: paddr=00140020 vaddr=400d0020 size=6d438h (447544) map[0m
[0;32mI (721) esp_image: segment 4: paddr=001ad460 vaddr=40086cb8 size=0a134h ( 41268) load[0m
[0;32mI (738) esp_image: segment 5: paddr=001b759c vaddr=50000000 size=00020h (    32) load[0m
[0;32mI (747) boot: Loaded app from partition at offset 0x10000[0m
[0;32mI (747) boot: Disabling RNG early entropy source...[0m
I (762) quad_psram: This chip is ESP32-D0WD
I (763) esp_psram: Found 8MB PSRAM device
I (763) esp_psram: Speed: 40MHz
I (763) esp_psram: PSRAM initialized, cache is in low/high (2-core) mode.
W (769) esp_psram: Virtual address not enough for PSRAM, map as much as we can. 4MB is mapped
I (777) cpu_start: Multicore app
I (1684) esp_psram: SPI SRAM memory test OK
I (1692) cpu_start: GPIO 3 and 1 are used as console UART I/O pins
I (1693) cpu_start: Pro cpu start user code
I (1693) cpu_start: cpu freq: 160000000 Hz
I (1695) app_init: Application information:
I (1699) app_init: Project name:     libespidf
I (1703) app_init: App version:      v0.4.4-14-gbc9e4be
I (1708) app_init: Compile time:     May  2 2026 10:02:09
I (1713) app_init: ELF file SHA256:  000000000...
I (1717) app_init: ESP-IDF:          v5.5.3
I (1721) efuse_init: Min chip rev:     v0.0
I (1725) efuse_init: Max chip rev:     v3.99 
I (1729) efuse_init: Chip rev:         v3.1
I (1734) heap_init: Initializing. RAM available for dynamic allocation:
I (1740) heap_init: At 3FFAE6E0 len 00001920 (6 KiB): DRAM
I (1745) heap_init: At 3FFC2960 len 0001D6A0 (117 KiB): DRAM
I (1750) heap_init: At 3FFE0440 len 00003AE0 (14 KiB): D/IRAM
I (1755) heap_init: At 3FFE4350 len 0001BCB0 (111 KiB): D/IRAM
I (1761) heap_init: At 40090DEC len 0000F214 (60 KiB): IRAM
I (1767) esp_psram: Adding pool of 4096K of PSRAM memory to heap allocator
I (1774) spi_flash: detected chip: generic
I (1777) spi_flash: flash io: dio
W (1780) spi_flash: Detected size(16384k) larger than the size in the binary image header(4096k). Using the size in the binary image header.
I (1793) main_task: Started on CPU0
I (1803) esp_psram: Reserving pool of 32K of internal memory for DMA/internal allocations
I (1803) main_task: Calling app_main()
I (1803) mfsk_core_m5stack_core2: mfsk-core-m5stack-core2 PoC starting
I (1803) mfsk_core_m5stack_core2: mfsk-core version: 0.4.4
I (1813) mfsk_core_m5stack_core2: free heap: internal = 194 KB (largest contig 76 KB), PSRAM = 4093 KB
I (1823) mfsk_core_m5stack_core2: decode_block: NFFT_SPEC=4096, NMS α=0.75, Bp, parabolic-dt, Costas-first
I (1833) mfsk_core_m5stack_core2: baked WAVs: 3
I (2333) mfsk_core_m5stack_core2: 
════════════════════════════════════════════
I (2333) mfsk_core_m5stack_core2: RUN: max_cand=15  dt_grid=0  df_grid=0  q>12
I (2343) mfsk_core_m5stack_core2: ════════════════════════════════════════════
I (2353) mfsk_core_m5stack_core2: 
WAV: qso1 (191111_110130)
I (4113) mfsk_core_m5stack_core2:   stage 1 (spec):        1750505 us  (184× FFT, 1043 freq bins)
[coarse_sync prof] n_freq=991 n_lag=27  allsum=225022 score=413889 dedupe+sort=101077  total=739988 us
I (4863) mfsk_core_m5stack_core2:   stage 2 (sync):         755256 us  (30 cand)
I (5253) mfsk_core_m5stack_core2:   pass 2 (re-rank):       383219 us  → top 15 by sync_quality_block0
I (6113) mfsk_core_m5stack_core2:   stage 3 (refine+BP):    857682 us  (3 result(s))
I (6113) mfsk_core_m5stack_core2:   ─── total decode:     3753584 us = 3.754 s
I (6123) mfsk_core_m5stack_core2:     [0]  1292 Hz  SNR= -7.7 dB  e=0  'CQ R7IW LN35'
I (6123) mfsk_core_m5stack_core2:     [1]  2095 Hz  SNR=-10.5 dB  e=3  'CQ DX R6WA LN32'
I (6133) mfsk_core_m5stack_core2:     [2]   683 Hz  SNR=-12.6 dB  e=7  'CQ TA6CQ KN70'
I (6143) mfsk_core_m5stack_core2: 
WAV: qso2 (191111_110200)
I (7883) mfsk_core_m5stack_core2:   stage 1 (spec):        1737104 us  (184× FFT, 1043 freq bins)
[coarse_sync prof] n_freq=991 n_lag=27  allsum=224971 score=413146 dedupe+sort=104565  total=742682 us
I (8643) mfsk_core_m5stack_core2:   stage 2 (sync):         757679 us  (30 cand)
I (9043) mfsk_core_m5stack_core2:   pass 2 (re-rank):       391945 us  → top 15 by sync_quality_block0
I (10143) mfsk_core_m5stack_core2:   stage 3 (refine+BP):   1097725 us  (5 result(s))
I (10143) mfsk_core_m5stack_core2:   ─── total decode:     3991371 us = 3.991 s
I (10143) mfsk_core_m5stack_core2:     [0]  1292 Hz  SNR=-10.4 dB  e=5  'CQ R7IW LN35'
I (10153) mfsk_core_m5stack_core2:     [1]   990 Hz  SNR=-17.9 dB  e=15  'OH3NIV ZS6S RR73'
I (10163) mfsk_core_m5stack_core2:     [2]  2098 Hz  SNR=-14.0 dB  e=6  'CQ DX R6WA LN32'
I (10163) mfsk_core_m5stack_core2:     [3]   683 Hz  SNR=-14.4 dB  e=2  'CQ TA6CQ KN70'
I (10173) mfsk_core_m5stack_core2:     [4]  1031 Hz  SNR=-18.0 dB  e=17  'CQ LZ1JZ KN22'
I (10183) mfsk_core_m5stack_core2: 
WAV: qso3 busy band (210703)
I (11923) mfsk_core_m5stack_core2:   stage 1 (spec):        1737094 us  (184× FFT, 1043 freq bins)
[coarse_sync prof] n_freq=991 n_lag=27  allsum=224967 score=380345 dedupe+sort=104372  total=709684 us
I (12653) mfsk_core_m5stack_core2:   stage 2 (sync):         724677 us  (30 cand)
I (13043) mfsk_core_m5stack_core2:   pass 2 (re-rank):       384756 us  → top 15 by sync_quality_block0
I (15353) mfsk_core_m5stack_core2:   stage 3 (refine+BP):   2313249 us  (6 result(s))
I (15353) mfsk_core_m5stack_core2:   ─── total decode:     5166795 us = 5.167 s
I (15363) mfsk_core_m5stack_core2:     [0]  2572 Hz  SNR=-11.7 dB  e=0  'W1FC F5BZB -8'
I (15373) mfsk_core_m5stack_core2:     [1]  2156 Hz  SNR=-11.5 dB  e=0  'WM3PEN EA6VQ -9'
I (15373) mfsk_core_m5stack_core2:     [2]   589 Hz  SNR=-16.6 dB  e=17  'K1JT HA0DU KN07'
I (15383) mfsk_core_m5stack_core2:     [3]   724 Hz  SNR=-11.8 dB  e=2  'A92EE F5PSR -14'
I (15393) mfsk_core_m5stack_core2:     [4]  2733 Hz  SNR=-15.5 dB  e=15  'W1DIG SV9CVY -14'
I (15403) mfsk_core_m5stack_core2:     [5]  1198 Hz  SNR=-10.7 dB  e=3  'CQ F5RXL IN94'
I (15403) mfsk_core_m5stack_core2: 
════════════════════════════════════════════
I (15423) mfsk_core_m5stack_core2: RUN: max_cand=20  dt_grid=0  df_grid=0  q>12
I (15433) mfsk_core_m5stack_core2: ════════════════════════════════════════════
I (15443) mfsk_core_m5stack_core2: 
WAV: qso1 (191111_110130)
I (17183) mfsk_core_m5stack_core2:   stage 1 (spec):        1737098 us  (184× FFT, 1043 freq bins)
[coarse_sync prof] n_freq=991 n_lag=27  allsum=224968 score=413906 dedupe+sort=105008  total=743882 us
I (17943) mfsk_core_m5stack_core2:   stage 2 (sync):         758878 us  (30 cand)
I (18333) mfsk_core_m5stack_core2:   pass 2 (re-rank):       383680 us  → top 20 by sync_quality_block0
I (19373) mfsk_core_m5stack_core2:   stage 3 (refine+BP):   1032753 us  (3 result(s))
I (19373) mfsk_core_m5stack_core2:   ─── total decode:     3919431 us = 3.919 s
I (19373) mfsk_core_m5stack_core2:     [0]  1292 Hz  SNR= -7.7 dB  e=0  'CQ R7IW LN35'
I (19383) mfsk_core_m5stack_core2:     [1]  2095 Hz  SNR=-10.5 dB  e=3  'CQ DX R6WA LN32'
I (19393) mfsk_core_m5stack_core2:     [2]   683 Hz  SNR=-12.6 dB  e=7  'CQ TA6CQ KN70'
I (19393) mfsk_core_m5stack_core2: 
WAV: qso2 (191111_110200)
I (21143) mfsk_core_m5stack_core2:   stage 1 (spec):        1737108 us  (184× FFT, 1043 freq bins)
[coarse_sync prof] n_freq=991 n_lag=27  allsum=225002 score=413143 dedupe+sort=104557  total=742702 us
I (21903) mfsk_core_m5stack_core2:   stage 2 (sync):         757696 us  (30 cand)
I (22293) mfsk_core_m5stack_core2:   pass 2 (re-rank):       391726 us  → top 20 by sync_quality_block0
