[2026-05-01T14:16:30Z INFO ] 🚀 A new version of espflash is available: v4.4.0
[2026-05-01T14:16:30Z INFO ] Serial port: '/dev/ttyACM0'
[2026-05-01T14:16:30Z INFO ] Connecting...
[2026-05-01T14:16:30Z INFO ] Using flash stub
ets Jul 29 2019 12:21:46

rst:0x1 (POWERON_RESET),boot:0x17 (SPI_FAST_FLASH_BOOT)
configsip: 0, SPIWP:0xee
clk_drv:0x00,q_drv:0x00,d_drv:0x00,cs0_drv:0x00,hd_drv:0x00,wp_drv:0x00
mode:DIO, clock div:2
load:0x3fff0030,len:7104
load:0x40078000,len:15576
load:0x40080400,len:4
ho 8 tail 4 room 4
load:0x40080404,len:3876
entry 0x4008064c
[0;32mI (31) boot: ESP-IDF v5.1-beta1-378-gea5e0ff298-dirt 2nd stage bootloader[0m
[0;32mI (31) boot: compile time Jun  7 2023 07:48:23[0m
[0;32mI (33) boot: Multicore bootloader[0m
[0;32mI (37) boot: chip revision: v3.1[0m
[0;32mI (41) boot.esp32: SPI Speed      : 40MHz[0m
[0;32mI (46) boot.esp32: SPI Mode       : DIO[0m
[0;32mI (50) boot.esp32: SPI Flash Size : 4MB[0m
[0;32mI (55) boot: Enabling RNG early entropy source...[0m
[0;32mI (60) boot: Partition Table:[0m
[0;32mI (64) boot: ## Label            Usage          Type ST Offset   Length[0m
[0;32mI (71) boot:  0 nvs              WiFi data        01 02 00009000 00006000[0m
[0;32mI (79) boot:  1 phy_init         RF data          01 01 0000f000 00001000[0m
[0;32mI (86) boot:  2 factory          factory app      00 00 00010000 003f0000[0m
[0;32mI (94) boot: End of partition table[0m
[0;32mI (98) esp_image: segment 0: paddr=00010020 vaddr=3f400020 size=122fc8h (1191880) map[0m
[0;32mI (537) esp_image: segment 1: paddr=00132ff0 vaddr=3ffb0000 size=02f98h ( 12184) load[0m
[0;32mI (542) esp_image: segment 2: paddr=00135f90 vaddr=40080000 size=0a088h ( 41096) load[0m
[0;32mI (560) esp_image: segment 3: paddr=00140020 vaddr=400d0020 size=69758h (431960) map[0m
[0;32mI (716) esp_image: segment 4: paddr=001a9780 vaddr=4008a088 size=06d58h ( 27992) load[0m
[0;32mI (728) esp_image: segment 5: paddr=001b04e0 vaddr=50000000 size=00020h (    32) load[0m
[0;32mI (737) boot: Loaded app from partition at offset 0x10000[0m
[0;32mI (737) boot: Disabling RNG early entropy source...[0m
I (751) quad_psram: This chip is ESP32-D0WD
I (752) esp_psram: Found 8MB PSRAM device
I (753) esp_psram: Speed: 40MHz
I (753) esp_psram: PSRAM initialized, cache is in low/high (2-core) mode.
W (758) esp_psram: Virtual address not enough for PSRAM, map as much as we can. 4MB is mapped
I (766) cpu_start: Multicore app
I (1674) esp_psram: SPI SRAM memory test OK
I (1682) cpu_start: GPIO 3 and 1 are used as console UART I/O pins
I (1682) cpu_start: Pro cpu start user code
I (1682) cpu_start: cpu freq: 160000000 Hz
I (1684) app_init: Application information:
I (1688) app_init: Project name:     libespidf
I (1692) app_init: App version:      v0.4.4-dirty
I (1697) app_init: Compile time:     May  1 2026 14:25:52
I (1702) app_init: ELF file SHA256:  000000000...
I (1706) app_init: ESP-IDF:          v5.5.3
I (1710) efuse_init: Min chip rev:     v0.0
I (1714) efuse_init: Max chip rev:     v3.99 
I (1718) efuse_init: Chip rev:         v3.1
I (1723) heap_init: Initializing. RAM available for dynamic allocation:
I (1729) heap_init: At 3FFAE6E0 len 00001920 (6 KiB): DRAM
I (1734) heap_init: At 3FFB3940 len 0002C6C0 (177 KiB): DRAM
I (1739) heap_init: At 3FFE0440 len 00003AE0 (14 KiB): D/IRAM
I (1745) heap_init: At 3FFE4350 len 0001BCB0 (111 KiB): D/IRAM
I (1750) heap_init: At 40090DE0 len 0000F220 (60 KiB): IRAM
I (1756) esp_psram: Adding pool of 4096K of PSRAM memory to heap allocator
I (1763) spi_flash: detected chip: generic
I (1766) spi_flash: flash io: dio
W (1769) spi_flash: Detected size(16384k) larger than the size in the binary image header(4096k). Using the size in the binary image header.
I (1782) main_task: Started on CPU0
I (1792) esp_psram: Reserving pool of 32K of internal memory for DMA/internal allocations
I (1792) main_task: Calling app_main()
I (1792) mfsk_core_m5stack_core2: mfsk-core-m5stack-core2 PoC starting
I (1792) mfsk_core_m5stack_core2: mfsk-core version: 0.4.4
I (1802) mfsk_core_m5stack_core2: free heap: internal = 271 KB (largest contig 144 KB), PSRAM = 4093 KB
I (1812) mfsk_core_m5stack_core2: decode_block: NFFT_SPEC=4096, NMS α=0.75, Bp, parabolic-dt, Costas-first
I (1822) mfsk_core_m5stack_core2: baked WAVs: 3
I (2322) mfsk_core_m5stack_core2: 
════════════════════════════════════════════
I (2322) mfsk_core_m5stack_core2: RUN: max_cand=30  dt_grid=0  df_grid=0  q>6
I (2332) mfsk_core_m5stack_core2: ════════════════════════════════════════════
I (2342) mfsk_core_m5stack_core2: 
WAV: qso1 (191111_110130)
I (4062) mfsk_core_m5stack_core2:   stage 1 (spec):        1714776 us  (184× FFT, 1043 freq bins)
I (5172) mfsk_core_m5stack_core2:   stage 2 (sync):        1108234 us  (30 candidate(s))
I (10782) mfsk_core_m5stack_core2:   stage 3 (refine+BP):   5604395 us  (3 result(s))
I (10782) mfsk_core_m5stack_core2:   ─── total decode:     8430056 us = 8.430 s
I (10782) mfsk_core_m5stack_core2:     [0]  2095 Hz  SNR=-11.5 dB  e=0  'CQ DX R6WA LN32'
I (10792) mfsk_core_m5stack_core2:     [1]   686 Hz  SNR=-16.9 dB  e=43  '2V0ECB QN4BWU AD99'
I (10802) mfsk_core_m5stack_core2:     [2]  1292 Hz  SNR= -5.9 dB  e=0  'CQ R7IW LN35'
I (10812) mfsk_core_m5stack_core2: 
WAV: qso2 (191111_110200)
I (12512) mfsk_core_m5stack_core2:   stage 1 (spec):        1701512 us  (184× FFT, 1043 freq bins)
I (13622) mfsk_core_m5stack_core2:   stage 2 (sync):        1107491 us  (30 candidate(s))
I (17902) mfsk_core_m5stack_core2:   stage 3 (refine+BP):   4277421 us  (5 result(s))
I (17902) mfsk_core_m5stack_core2:   ─── total decode:     7089097 us = 7.089 s
I (17912) mfsk_core_m5stack_core2:     [0]  1292 Hz  SNR= -9.5 dB  e=0  'CQ R7IW LN35'
I (17912) mfsk_core_m5stack_core2:     [1]  2098 Hz  SNR=-14.8 dB  e=0  'CQ DX R6WA LN32'
I (17922) mfsk_core_m5stack_core2:     [2]   683 Hz  SNR=-15.7 dB  e=0  'CQ TA6CQ KN70'
I (17932) mfsk_core_m5stack_core2:     [3]  1031 Hz  SNR=-16.9 dB  e=0  'CQ LZ1JZ KN22'
I (17942) mfsk_core_m5stack_core2:     [4]   990 Hz  SNR=-17.9 dB  e=0  'OH3NIV ZS6S RR73'
I (17952) mfsk_core_m5stack_core2: 
WAV: qso3 busy band (210703)
I (19652) mfsk_core_m5stack_core2:   stage 1 (spec):        1701532 us  (184× FFT, 1043 freq bins)
I (20732) mfsk_core_m5stack_core2:   stage 2 (sync):        1078040 us  (30 candidate(s))
I (25072) mfsk_core_m5stack_core2:   stage 3 (refine+BP):   4335832 us  (2 result(s))
I (25072) mfsk_core_m5stack_core2:   ─── total decode:     7118081 us = 7.118 s
I (25072) mfsk_core_m5stack_core2:     [0]  2572 Hz  SNR=-13.0 dB  e=0  'W1FC F5BZB -8'
I (25082) mfsk_core_m5stack_core2:     [1]  2159 Hz  SNR=-15.3 dB  e=0  'WM3PEN EA6VQ -9'
I (25092) mfsk_core_m5stack_core2: 
=== Sweep complete. Idling. ===
