1043 freq bins)
stage 1 (spec):        1757808 us  (184× FFT, PI_FAST_FLASH_BOOT)
configsip: 0, SPIWP:0xee
clk_drv:0x00,q_drv:0x00,d_drv:0x00,cs0_drv:0x00,hd_drv:0x00,wp_drv:0x00
mode:DIO, clock div:2
load:0x3fff0030,len:7104
load:0x40078000,len:15576
load:0x40080400,len:4
ho 8 tail 4 room 4
load:0x40080404,l1043 freq bins)
I (5718) mfsk_core_m5stack_core2:   stage 2 (sync):        1617718 us  (30 candidate(s))
I (7138) mfsk_core_m5stack_core2:   stage 3 (refine+BP):   1417834 us  (3 result(s))
I (7138) mfsk_core_m5stack_core2:   ─── total decode:     4795962 us = 4.796 s
I (7148) mfsk_core_m5stack_core2:     [0]  1292 Hz  SNR= -7.7 dB  e=0  'CQ R7IW LN35'
I (7158) mfsk_core_m5stack_core2:     [1]  2095 Hz  SNR=-10.5 dB  e=0  'CQ DX R6WA LN32'
I (7158) mfsk_core_m5stack_core2:     [2]   683 Hz  SNR=-12.6 dB  e=0  'CQ TA6CQ KN70'
I (7168) mfsk_core_m5stack_core2: 
WAV: qso2 (191111_110200)
I (8918) mfsk_core_m5stack_core2:   stage 1 (spec):        1744543 us  (184× FFT, 1043 freq bins)
I (10538) mfsk_core_m5stack_core2:   stage 2 (sync):        1613786 us  (30 candidate(s))
I (12188) mfsk_core_m5stack_core2:   stage 3 (refine+BP):   1653116 us  (5 result(s))
I (12188) mfsk_core_m5stack_core2:   ─── total decode:     5014050 us = 5.014 s
I (12198) mfsk_core_m5stack_core2:     [0]   683 Hz  SNR=-14.4 dB  e=0  'CQ TA6CQ KN70'
I (12198) mfsk_core_m5stack_core2:     [1]  1292 Hz  SNR=-10.4 dB  e=0  'CQ R7IW LN35'
I (12208) mfsk_core_m5stack_core2:     [2]  2098 Hz  SNR=-14.0 dB  e=0  'CQ DX R6WA LN32'
I (12218) mfsk_core_m5stack_core2:     [3]   990 Hz  SNR=-17.9 dB  e=0  'OH3NIV ZS6S RR73'
I (12228) mfsk_core_m5stack_core2:     [4]  1031 Hz  SNR=-18.0 dB  e=0  'CQ LZ1JZ KN22'
I (12228) mfsk_core_m5stack_core2: 
WAV: qso3 busy band (210703)
I (13988) mfsk_core_m5stack_core2:   stage 1 (spec):        1744569 us  (184× FFT, 1043 freq bins)
I (15548) mfsk_core_m5stack_core2:   stage 2 (sync):        1564499 us  (30 candidate(s))
I (19458) mfsk_core_m5stack_core2:   stage 3 (refine+BP):   3910388 us  (3 result(s))
I (19458) mfsk_core_m5stack_core2:   ─── total decode:     7222075 us = 7.222 s
I (19468) mfsk_core_m5stack_core2:     [0]   589 Hz  SNR=-16.6 dB  e=0  'K1JT HA0DU KN07'
I (19478) mfsk_core_m5stack_core2:     [1]   724 Hz  SNR=-11.9 dB  e=0  'A92EE F5PSR -14'
I (19478) mfsk_core_m5stack_core2:     [2]  2733 Hz  SNR=-13.8 dB  e=16  'W1DIG SV9CVY -14'
I (19488) mfsk_core_m5stack_core2: 
=== Sweep complete. Idling. ===

***ERROR*** A stack overflow in task main has been detected.


Backtrace: 0x40088f50:0x3ffc6220 0x40088f15:0x3ffc6240 0x40089d52:0x3ffc6260 0x4008ae0f:0x3ffc62e0 0x40089e5c:0x3ffc6300 0x40089e0e:0x00000000 |<-CORRUPTED




ELF file SHA256: 000000000

Rebooting...
ets Jul 29 2019 12:21:46

rst:0xc (SW_CPU_RESET),boot:0x17 (SPI_FAST_FLASH_BOOT)
configsip: 0, SPIWP:0xee
clk_drv:0x00,q_drv:0x00,d_drv:0x00,cs0_drv:0x00,hd_drv:0x00,wp_drv:0x00
mode:DIO, clock div:2
load:0x3fff0030,len:7104
load:0x40078000,len:15576
load:0x40080400,len:4
ho 8 tail 4 room 4
load:0x40080404,len:3876
entry 0x4008064c
[0;32mI (31) boot: ESP-IDF v5.1-beta1-378-gea5e0ff298-dirt 2nd stage bootloader[0m
[0;32mI (31) boot: compile time Jun  7 2023 07:48:23[0m
[0;32mI (33) boot: Multicore bootloader[0m
[0;32mI (37) boot: chip revision: v3.1[0m
[0;32mI (41) boot.esp32: SPI Speed      : 40MHz[0m
[0;32mI (46) boot.esp32: SPI Mode       : DIO[0m
[0;32mI (50) boot.esp32: SPI Flash Size : 4MB[0m
[0;32mI (55) boot: Enabling RNG early entropy source...[0m
[0;32mI (60) boot: Partition Table:[0m
[0;32mI (64) boot: ## Label            Usage          Type ST Offset   Length[0m
[0;32mI (71) boot:  0 nvs              WiFi data        01 02 00009000 00006000[0m
[0;32mI (79) boot:  1 phy_init         RF data          01 01 0000f000 00001000[0m
[0;32mI (86) boot:  2 factory          factory app      00 00 00010000 003f0000[0m
[0;32mI (94) boot: End of partition table[0m
[0;32mI (98) esp_image: segment 0: paddr=00010020 vaddr=3f400020 size=122d48h (1191240) map[0m
[0;32mI (536) esp_image: segment 1: paddr=00132d70 vaddr=3ffb0000 size=02f98h ( 12184) load[0m
[0;32mI (542) esp_image: segment 2: paddr=00135d10 vaddr=40080000 size=0a308h ( 41736) load[0m
[0;32mI (560) esp_image: segment 3: paddr=00140020 vaddr=400d0020 size=66304h (418564) map[0m
[0;32mI (711) esp_image: segment 4: paddr=001a632c vaddr=4008a308 size=06ad8h ( 27352) load[0m
[0;32mI (723) esp_image: segment 5: paddr=001ace0c vaddr=50000000 size=00020h (    32) load[0m
[0;32mI (731) boot: Loaded app from partition at offset 0x10000[0m
[0;32mI (732) boot: Disabling RNG early entropy source...[0m
I (746) quad_psram: This chip is ESP32-D0WD
I (748) esp_psram: Found 8MB PSRAM device
I (748) esp_psram: Speed: 40MHz
I (748) esp_psram: PSRAM initialized, cache is in low/high (2-core) mode.
W (753) esp_psram: Virtual address not enough for PSRAM, map as much as we can. 4MB is mapped
I (761) cpu_start: Multicore app
I (1669) esp_psram: SPI SRAM memory test OK
I (1677) cpu_start: GPIO 3 and 1 are used as console UART I/O pins
I (1677) cpu_start: Pro cpu start user code
I (1677) cpu_start: cpu freq: 160000000 Hz
I (1679) app_init: Application information:
I (1683) app_init: Project name:     libespidf
I (1687) app_init: App version:      v0.4.4-4-g8f25711-dirty
I (1693) app_init: Compile time:     May  2 2026 01:53:21
I (1698) app_init: ELF file SHA256:  000000000...
I (1702) app_init: ESP-IDF:          v5.5.3
I (1706) efuse_init: Min chip rev:     v0.0
I (1710) efuse_init: Max chip rev:     v3.99 
I (1714) efuse_init: Chip rev:         v3.1
I (1718) heap_init: Initializing. RAM available for dynamic allocation:
I (1725) heap_init: At 3FFAE6E0 len 00001920 (6 KiB): DRAM
I (1730) heap_init: At 3FFC2940 len 0001D6C0 (117 KiB): DRAM
I (1735) heap_init: At 3FFE0440 len 00003AE0 (14 KiB): D/IRAM
I (1740) heap_init: At 3FFE4350 len 0001BCB0 (111 KiB): D/IRAM
I (1746) heap_init: At 40090DE0 len 0000F220 (60 KiB): IRAM
I (1752) esp_psram: Adding pool of 4096K of PSRAM memory to heap allocator
I (1759) spi_flash: detected chip: generic
I (1762) spi_flash: flash io: dio
W (1765) spi_flash: Detected size(16384k) larger than the size in the binary image header(4096k). Using the size in the binary image header.
I (1778) main_task: Started on CPU0
I (1788) esp_psram: Reserving pool of 32K of internal memory for DMA/internal allocations
I (1788) main_task: Calling app_main()
I (1788) mfsk_core_m5stack_core2: mfsk-core-m5stack-core2 PoC starting
I (1788) mfsk_core_m5stack_core2: mfsk-core version: 0.4.4
I (1798) mfsk_core_m5stack_core2: free heap: internal = 211 KB (largest contig 84 KB), PSRAM = 4093 KB
I (1808) mfsk_core_m5stack_core2: decode_block: NFFT_SPEC=4096, NMS α=0.75, Bp, parabolic-dt, Costas-first
I (1818) mfsk_core_m5stack_core2: baked WAVs: 3
I (2318) mfsk_core_m5stack_core2: 
════════════════════════════════════════════
I (2318) mfsk_core_m5stack_core2: RUN: max_cand=30  dt_grid=0  df_grid=0  q>12
I (2328) mfsk_core_m5stack_core2: ════════════════════════════════════════════
I (2338) mfsk_core_m5stack_core2: 
WAV: qso1 (191111_110130)
I (4108) mfsk_core_m5stack_core2:   stage 1 (spec):        1757808 us  (184× FFT, 1043 freq bins)
I (5718) mfsk_core_m5stack_core2:   stage 2 (sync):        1617718 us  (30 candidate(s))
