[2026-05-01T07:35:15Z INFO ] 🚀 A new version of espflash is available: v4.4.0
[2026-05-01T07:35:15Z INFO ] Serial port: '/dev/ttyACM0'
[2026-05-01T07:35:15Z INFO ] Connecting...
[2026-05-01T07:35:15Z INFO ] Using flash stub
ets Jul 29 2019 12:21:46

rst:0x1 (POWERON_RESET),boot:0x17 (SPI_FAST_FLASH_BOOT)
configsip: 0, SPIWP:0xee
clk_drv:0x00,q_drv:0x00,d_drv:0x00,cs0_drv:0x00,hd_drv:0x00,wp_drv:0x00
mode:DIO, clock div:2
load:0x3fff0030,len:7104
load:0x40078000,len:15576
load:0x40080400,len:4
ho 8 tail 4 room 4
load:0x40080404,len:3876
entry 0x4008064c
[0;32mI (31) boot: ESP-IDF v5.1-beta1-378-gea5e0ff298-dirt 2nd stage bootloader[0m
[0;32mI (31) boot: compile time Jun  7 2023 07:48:23[0m
[0;32mI (33) boot: Multicore bootloader[0m
[0;32mI (37) boot: chip revision: v3.1[0m
[0;32mI (41) boot.esp32: SPI Speed      : 40MHz[0m
[0;32mI (46) boot.esp32: SPI Mode       : DIO[0m
[0;32mI (50) boot.esp32: SPI Flash Size : 4MB[0m
[0;32mI (55) boot: Enabling RNG early entropy source...[0m
[0;32mI (60) boot: Partition Table:[0m
[0;32mI (64) boot: ## Label            Usage          Type ST Offset   Length[0m
[0;32mI (71) boot:  0 nvs              WiFi data        01 02 00009000 00006000[0m
[0;32mI (79) boot:  1 phy_init         RF data          01 01 0000f000 00001000[0m
[0;32mI (86) boot:  2 factory          factory app      00 00 00010000 003f0000[0m
[0;32mI (94) boot: End of partition table[0m
[0;32mI (98) esp_image: segment 0: paddr=00010020 vaddr=3f400020 size=126918h (1206552) map[0m
[0;32mI (542) esp_image: segment 1: paddr=00136940 vaddr=3ffb0000 size=02fc8h ( 12232) load[0m
[0;32mI (547) esp_image: segment 2: paddr=00139910 vaddr=40080000 size=06708h ( 26376) load[0m
[0;32mI (559) esp_image: segment 3: paddr=00140020 vaddr=400d0020 size=64218h (410136) map[0m
[0;32mI (707) esp_image: segment 4: paddr=001a4240 vaddr=40086708 size=0a6c4h ( 42692) load[0m
[0;32mI (725) esp_image: segment 5: paddr=001ae90c vaddr=50000000 size=00020h (    32) load[0m
[0;32mI (734) boot: Loaded app from partition at offset 0x10000[0m
[0;32mI (734) boot: Disabling RNG early entropy source...[0m
I (748) quad_psram: This chip is ESP32-D0WD
I (750) esp_psram: Found 8MB PSRAM device
I (750) esp_psram: Speed: 40MHz
I (750) esp_psram: PSRAM initialized, cache is in low/high (2-core) mode.
W (756) esp_psram: Virtual address not enough for PSRAM, map as much as we can. 4MB is mapped
I (764) cpu_start: Multicore app
I (1671) esp_psram: SPI SRAM memory test OK
I (1679) cpu_start: GPIO 3 and 1 are used as console UART I/O pins
I (1680) cpu_start: Pro cpu start user code
I (1680) cpu_start: cpu freq: 160000000 Hz
I (1682) app_init: Application information:
I (1686) app_init: Project name:     libespidf
I (1690) app_init: App version:      v0.4.4-dirty
I (1694) app_init: Compile time:     May  1 2026 14:25:52
I (1699) app_init: ELF file SHA256:  000000000...
I (1704) app_init: ESP-IDF:          v5.5.3
I (1708) efuse_init: Min chip rev:     v0.0
I (1712) efuse_init: Max chip rev:     v3.99 
I (1716) efuse_init: Chip rev:         v3.1
I (1720) heap_init: Initializing. RAM available for dynamic allocation:
I (1726) heap_init: At 3FFAE6E0 len 00001920 (6 KiB): DRAM
I (1731) heap_init: At 3FFB3978 len 0002C688 (177 KiB): DRAM
I (1736) heap_init: At 3FFE0440 len 00003AE0 (14 KiB): D/IRAM
I (1742) heap_init: At 3FFE4350 len 0001BCB0 (111 KiB): D/IRAM
I (1748) heap_init: At 40090DCC len 0000F234 (60 KiB): IRAM
I (1753) esp_psram: Adding pool of 4096K of PSRAM memory to heap allocator
I (1761) spi_flash: detected chip: generic
I (1763) spi_flash: flash io: dio
W (1766) spi_flash: Detected size(16384k) larger than the size in the binary image header(4096k). Using the size in the binary image header.
I (1780) main_task: Started on CPU0
I (1790) esp_psram: Reserving pool of 32K of internal memory for DMA/internal allocations
I (1790) main_task: Calling app_main()
I (1790) mfsk_core_m5stack_core2: mfsk-core-m5stack-core2 PoC starting
I (1790) mfsk_core_m5stack_core2: mfsk-core version: 0.4.4
I (1800) mfsk_core_m5stack_core2: free heap: internal = 270 KB (largest contig 144 KB), PSRAM = 4093 KB
I (1810) mfsk_core_m5stack_core2: decode_block: NFFT_SPEC=4096, NMS α=0.75, Bp, max_cand=4, parabolic-dt, Costas-first
I (1820) mfsk_core_m5stack_core2: baked WAVs: 3
I (1820) mfsk_core_m5stack_core2: 
──────────────────────────────────────────────
I (1840) mfsk_core_m5stack_core2: WAV: qso1 (191111_110130)
I (2010) mfsk_core_m5stack_core2:   loaded 180000-sample i16 slot in 169040 us
I (4060) mfsk_core_m5stack_core2:   stage 1 (spec):        2047993 us  (184× FFT, 940 freq bins)
I (5850) mfsk_core_m5stack_core2:   stage 2 (sync):        1785746 us  (4 candidate(s))
I (7710) mfsk_core_m5stack_core2:   stage 3 (refine+BP):   1859201 us  (2 result(s))
I (7710) mfsk_core_m5stack_core2:   ─── total decode:     5695819 us = 5.696 s
I (7720) mfsk_core_m5stack_core2:     [0]  2095 Hz  SNR=-11.2 dB  e=6  'CQ DX R6WA LN32'
I (7720) mfsk_core_m5stack_core2:     [1]   683 Hz  SNR=-12.8 dB  e=5  'CQ TA6CQ KN70'
I (7730) mfsk_core_m5stack_core2: 
──────────────────────────────────────────────
I (7750) mfsk_core_m5stack_core2: WAV: qso2 (191111_110200)
I (7920) mfsk_core_m5stack_core2:   loaded 180000-sample i16 slot in 168989 us
I (9960) mfsk_core_m5stack_core2:   stage 1 (spec):        2040836 us  (184× FFT, 940 freq bins)
I (11750) mfsk_core_m5stack_core2:   stage 2 (sync):        1787104 us  (4 candidate(s))
I (14160) mfsk_core_m5stack_core2:   stage 3 (refine+BP):   2405055 us  (3 result(s))
I (14160) mfsk_core_m5stack_core2:   ─── total decode:     6235885 us = 6.236 s
I (14160) mfsk_core_m5stack_core2:     [0]  1292 Hz  SNR= -9.7 dB  e=4  'CQ R7IW LN35'
I (14170) mfsk_core_m5stack_core2:     [1]   683 Hz  SNR=-15.3 dB  e=3  'CQ TA6CQ KN70'
I (14180) mfsk_core_m5stack_core2:     [2]  2098 Hz  SNR=-14.6 dB  e=10  'CQ DX R6WA LN32'
I (14190) mfsk_core_m5stack_core2: 
──────────────────────────────────────────────
I (14200) mfsk_core_m5stack_core2: WAV: qso3 busy band (210703)
I (14380) mfsk_core_m5stack_core2:   loaded 180000-sample i16 slot in 168993 us
I (16420) mfsk_core_m5stack_core2:   stage 1 (spec):        2040890 us  (184× FFT, 940 freq bins)
I (18230) mfsk_core_m5stack_core2:   stage 2 (sync):        1806456 us  (4 candidate(s))
I (20090) mfsk_core_m5stack_core2:   stage 3 (refine+BP):   1862867 us  (2 result(s))
I (20090) mfsk_core_m5stack_core2:   ─── total decode:     5713104 us = 5.713 s
I (20100) mfsk_core_m5stack_core2:     [0]   724 Hz  SNR=-10.7 dB  e=2  'A92EE F5PSR -14'
I (20100) mfsk_core_m5stack_core2:     [1]   589 Hz  SNR=-15.3 dB  e=12  'K1JT HA0DU KN07'
I (20110) mfsk_core_m5stack_core2: 
All WAVs decoded. Idling.
