1043 freq bins)
stage 1 (spec):        1762330 us  (184× FFT, PI_FAST_FLASH_BOOT)
configsip: 0, SPIWP:0xee
clk_drv:0x00,q_drv:0x00,d_drv:0x00,cs0_drv:0x00,hd_drv:0x00,wp_drv:0x00
mode:DIO, clock div:2
load:0x3fff0030,len:7104
load:0x40078000,len:15576
load:0x40080400,len:4
ho 8 tail 4 room 4
load:0x40080404,l1043 freq bins)
I (5721) mfsk_core_m5stack_core2:   stage 2 (sync):        1608381 us  (100 cand)
I (7071) mfsk_core_m5stack_core2:   pass 2 (re-rank):      1347232 us  → top 30 by sync_quality_block0
I (9791) mfsk_core_m5stack_core2:   stage 3 (refine+BP):   2722569 us  (3 result(s))
I (9791) mfsk_core_m5stack_core2:   ─── total decode:     7444407 us = 7.444 s
I (9801) mfsk_core_m5stack_core2:     [0]  1292 Hz  SNR= -7.7 dB  e=0  'CQ R7IW LN35'
I (9801) mfsk_core_m5stack_core2:     [1]  2095 Hz  SNR=-10.5 dB  e=0  'CQ DX R6WA LN32'
I (9811) mfsk_core_m5stack_core2:     [2]   683 Hz  SNR=-12.6 dB  e=0  'CQ TA6CQ KN70'
I (9821) mfsk_core_m5stack_core2: 
WAV: qso2 (191111_110200)
I (11571) mfsk_core_m5stack_core2:   stage 1 (spec):        1749059 us  (184× FFT, 1043 freq bins)
I (13181) mfsk_core_m5stack_core2:   stage 2 (sync):        1604377 us  (100 cand)
I (14541) mfsk_core_m5stack_core2:   pass 2 (re-rank):      1354245 us  → top 30 by sync_quality_block0
I (16191) mfsk_core_m5stack_core2:   stage 3 (refine+BP):   1654821 us  (5 result(s))
I (16191) mfsk_core_m5stack_core2:   ─── total decode:     6366428 us = 6.366 s
I (16201) mfsk_core_m5stack_core2:     [0]  1292 Hz  SNR=-10.4 dB  e=0  'CQ R7IW LN35'
I (16201) mfsk_core_m5stack_core2:     [1]  2098 Hz  SNR=-14.0 dB  e=0  'CQ DX R6WA LN32'
I (16211) mfsk_core_m5stack_core2:     [2]   990 Hz  SNR=-17.9 dB  e=0  'OH3NIV ZS6S RR73'
I (16221) mfsk_core_m5stack_core2:     [3]   683 Hz  SNR=-14.4 dB  e=0  'CQ TA6CQ KN70'
I (16231) mfsk_core_m5stack_core2:     [4]  1031 Hz  SNR=-18.0 dB  e=0  'CQ LZ1JZ KN22'
I (16241) mfsk_core_m5stack_core2: 
WAV: qso3 busy band (210703)
I (17991) mfsk_core_m5stack_core2:   stage 1 (spec):        1749066 us  (184× FFT, 1043 freq bins)
I (19541) mfsk_core_m5stack_core2:   stage 2 (sync):        1546501 us  (100 cand)
I (20871) mfsk_core_m5stack_core2:   pass 2 (re-rank):      1333189 us  → top 30 by sync_quality_block0
I (25091) mfsk_core_m5stack_core2:   stage 3 (refine+BP):   4213417 us  (6 result(s))
I (25091) mfsk_core_m5stack_core2:   ─── total decode:     8846107 us = 8.846 s
I (25091) mfsk_core_m5stack_core2:     [0]  2572 Hz  SNR=-11.7 dB  e=0  'W1FC F5BZB -8'
I (25101) mfsk_core_m5stack_core2:     [1]  2156 Hz  SNR=-11.5 dB  e=0  'WM3PEN EA6VQ -9'
I (25111) mfsk_core_m5stack_core2:     [2]   589 Hz  SNR=-16.6 dB  e=0  'K1JT HA0DU KN07'
I (25121) mfsk_core_m5stack_core2:     [3]   724 Hz  SNR=-11.9 dB  e=0  'A92EE F5PSR -14'
I (25121) mfsk_core_m5stack_core2:     [4]  2733 Hz  SNR=-13.8 dB  e=16  'W1DIG SV9CVY -14'
I (25131) mfsk_core_m5stack_core2:     [5]  1198 Hz  SNR=-10.2 dB  e=0  'CQ F5RXL IN94'
I (25141) mfsk_core_m5stack_core2: 
=== Sweep complete. Idling. ===

***ERROR*** A stack overflow in task main has been detected.


Backtrace: 0x40088f50:0x3ffc6200 0x40088f15:0x3ffc6220 0x40089d52:0x3ffc6240 0x4008ae0f:0x3ffc62c0 0x40089e5c:0x3ffc62e0 0x40089e0e:0x00000000 |<-CORRUPTED




ELF file SHA256: 000000000

Rebooting...
ets Jul 29 2019 12:21:46

rst:0xc (SW_CPU_RESET),boot:0x17 (SPI_FAST_FLASH_BOOT)
configsip: 0, SPIWP:0xee
clk_drv:0x00,q_drv:0x00,d_drv:0x00,cs0_drv:0x00,hd_drv:0x00,wp_drv:0x00
mode:DIO, clock div:2
load:0x3fff0030,len:7104
load:0x40078000,len:15576
load:0x40080400,len:4
ho 8 tail 4 room 4
load:0x40080404,len:3876
entry 0x4008064c
[0;32mI (31) boot: ESP-IDF v5.1-beta1-378-gea5e0ff298-dirt 2nd stage bootloader[0m
[0;32mI (31) boot: compile time Jun  7 2023 07:48:23[0m
[0;32mI (33) boot: Multicore bootloader[0m
[0;32mI (37) boot: chip revision: v3.1[0m
[0;32mI (41) boot.esp32: SPI Speed      : 40MHz[0m
[0;32mI (46) boot.esp32: SPI Mode       : DIO[0m
[0;32mI (50) boot.esp32: SPI Flash Size : 4MB[0m
[0;32mI (55) boot: Enabling RNG early entropy source...[0m
[0;32mI (60) boot: Partition Table:[0m
[0;32mI (64) boot: ## Label            Usage          Type ST Offset   Length[0m
[0;32mI (71) boot:  0 nvs              WiFi data        01 02 00009000 00006000[0m
[0;32mI (79) boot:  1 phy_init         RF data          01 01 0000f000 00001000[0m
[0;32mI (86) boot:  2 factory          factory app      00 00 00010000 003f0000[0m
[0;32mI (94) boot: End of partition table[0m
[0;32mI (98) esp_image: segment 0: paddr=00010020 vaddr=3f400020 size=122de8h (1191400) map[0m
[0;32mI (536) esp_image: segment 1: paddr=00132e10 vaddr=3ffb0000 size=02f98h ( 12184) load[0m
[0;32mI (542) esp_image: segment 2: paddr=00135db0 vaddr=40080000 size=0a268h ( 41576) load[0m
[0;32mI (560) esp_image: segment 3: paddr=00140020 vaddr=400d0020 size=67e44h (425540) map[0m
[0;32mI (713) esp_image: segment 4: paddr=001a7e6c vaddr=4008a268 size=06b78h ( 27512) load[0m
[0;32mI (725) esp_image: segment 5: paddr=001ae9ec vaddr=50000000 size=00020h (    32) load[0m
[0;32mI (734) boot: Loaded app from partition at offset 0x10000[0m
[0;32mI (734) boot: Disabling RNG early entropy source...[0m
I (749) quad_psram: This chip is ESP32-D0WD
I (750) esp_psram: Found 8MB PSRAM device
I (750) esp_psram: Speed: 40MHz
I (750) esp_psram: PSRAM initialized, cache is in low/high (2-core) mode.
W (756) esp_psram: Virtual address not enough for PSRAM, map as much as we can. 4MB is mapped
I (764) cpu_start: Multicore app
I (1671) esp_psram: SPI SRAM memory test OK
I (1679) cpu_start: GPIO 3 and 1 are used as console UART I/O pins
I (1680) cpu_start: Pro cpu start user code
I (1680) cpu_start: cpu freq: 160000000 Hz
I (1682) app_init: Application information:
I (1686) app_init: Project name:     libespidf
I (1690) app_init: App version:      v0.4.4-4-g8f25711-dirty
I (1695) app_init: Compile time:     May  2 2026 01:53:21
I (1700) app_init: ELF file SHA256:  000000000...
I (1705) app_init: ESP-IDF:          v5.5.3
I (1709) efuse_init: Min chip rev:     v0.0
I (1713) efuse_init: Max chip rev:     v3.99 
I (1717) efuse_init: Chip rev:         v3.1
I (1721) heap_init: Initializing. RAM available for dynamic allocation:
I (1727) heap_init: At 3FFAE6E0 len 00001920 (6 KiB): DRAM
I (1732) heap_init: At 3FFC2940 len 0001D6C0 (117 KiB): DRAM
I (1737) heap_init: At 3FFE0440 len 00003AE0 (14 KiB): D/IRAM
I (1743) heap_init: At 3FFE4350 len 0001BCB0 (111 KiB): D/IRAM
I (1749) heap_init: At 40090DE0 len 0000F220 (60 KiB): IRAM
I (1754) esp_psram: Adding pool of 4096K of PSRAM memory to heap allocator
I (1762) spi_flash: detected chip: generic
I (1764) spi_flash: flash io: dio
W (1767) spi_flash: Detected size(16384k) larger than the size in the binary image header(4096k). Using the size in the binary image header.
I (1781) main_task: Started on CPU0
I (1791) esp_psram: Reserving pool of 32K of internal memory for DMA/internal allocations
I (1791) main_task: Calling app_main()
I (1791) mfsk_core_m5stack_core2: mfsk-core-m5stack-core2 PoC starting
I (1791) mfsk_core_m5stack_core2: mfsk-core version: 0.4.4
I (1801) mfsk_core_m5stack_core2: free heap: internal = 211 KB (largest contig 84 KB), PSRAM = 4093 KB
I (1811) mfsk_core_m5stack_core2: decode_block: NFFT_SPEC=4096, NMS α=0.75, Bp, parabolic-dt, Costas-first
I (1821) mfsk_core_m5stack_core2: baked WAVs: 3
I (2321) mfsk_core_m5stack_core2: 
════════════════════════════════════════════
I (2321) mfsk_core_m5stack_core2: RUN: max_cand=30  dt_grid=0  df_grid=0  q>12
I (2331) mfsk_core_m5stack_core2: ════════════════════════════════════════════
I (2341) mfsk_core_m5stack_core2: 
WAV: qso1 (191111_110130)
