[0;32mI (13) boot: ESP-IDF v5.1-beta1-378-gea5e0ff298-dirt 2nd stage bootloader[0m
[0;32mI (13) boot: compile time Jun  7 2023 07:48:23[0m
[0;32mI (15) boot: Multicore bootloader[0m
[0;32mI (19) boot: chip revision: v3.1[0m
[0;32mI (23) boot.esp32: SPI Speed      : 40MHz[0m
[0;32mI (27) boot.esp32: SPI Mode       : DIO[0m
[0;32mI (32) boot.esp32: SPI Flash Size : 4MB[0m
[0;32mI (36) boot: Enabling RNG early entropy source...[0m
[0;32mI (42) boot: Partition Table:[0m
[0;32mI (45) boot: ## Label            Usage          Type ST Offset   Length[0m
[0;32mI (53) boot:  0 nvs              WiFi data        01 02 00009000 00006000[0m
[0;32mI (60) boot:  1 phy_init         RF data          01 01 0000f000 00001000[0m
[0;32mI (67) boot:  2 factory          factory app      00 00 00010000 003f0000[0m
[0;32mI (75) boot: End of partition table[0m
[0;32mI (79) esp_image: segment 0: paddr=00010020 vaddr=3f400020 size=12aaf4h (1223412) map[0m
[0;32mI (529) esp_image: segment 1: paddr=0013ab1c vaddr=3ffb0000 size=03fb8h ( 16312) load[0m
[0;32mI (536) esp_image: segment 2: paddr=0013eadc vaddr=40080000 size=0153ch (  5436) load[0m
[0;32mI (539) esp_image: segment 3: paddr=00140020 vaddr=400d0020 size=7334ch (471884) map[0m
[0;32mI (714) esp_image: segment 4: paddr=001b3374 vaddr=4008153c size=0f900h ( 63744) load[0m
[0;32mI (741) esp_image: segment 5: paddr=001c2c7c vaddr=50000000 size=00020h (    32) load[0m
[0;32mI (750) boot: Loaded app from partition at offset 0x10000[0m
[0;32mI (750) boot: Disabling RNG early entropy source...[0m
I (764) quad_psram: This chip is ESP32-D0WD
I (766) esp_psram: Found 8MB PSRAM device
I (766) esp_psram: Speed: 40MHz
I (766) esp_psram: PSRAM initialized, cache is in low/high (2-core) mode.
W (771) esp_psram: Virtual address not enough for PSRAM, map as much as we can. 4MB is mapped
I (779) cpu_start: Multicore app
I (1687) esp_psram: SPI SRAM memory test OK
I (1695) cpu_start: GPIO 3 and 1 are used as console UART I/O pins
I (1695) cpu_start: Pro cpu start user code
I (1695) cpu_start: cpu freq: 160000000 Hz
I (1697) app_init: Application information:
I (1701) app_init: Project name:     libespidf
I (1705) app_init: App version:      v0.5.2-1-gd8bbcf8-dirty
I (1711) app_init: Compile time:     May  3 2026 08:21:01
I (1716) app_init: ELF file SHA256:  000000000...
I (1720) app_init: ESP-IDF:          v5.5.3
I (1724) efuse_init: Min chip rev:     v0.0
I (1728) efuse_init: Max chip rev:     v3.99 
I (1732) efuse_init: Chip rev:         v3.1
I (1736) heap_init: Initializing. RAM available for dynamic allocation:
I (1742) heap_init: At 3FFAE6E0 len 00001920 (6 KiB): DRAM
I (1747) heap_init: At 3FFD29B0 len 0000D650 (53 KiB): DRAM
I (1753) heap_init: At 3FFE0440 len 00003AE0 (14 KiB): D/IRAM
I (1758) heap_init: At 3FFE4350 len 0001BCB0 (111 KiB): D/IRAM
I (1764) heap_init: At 40090E3C len 0000F1C4 (60 KiB): IRAM
I (1770) esp_psram: Adding pool of 4096K of PSRAM memory to heap allocator
I (1777) spi_flash: detected chip: generic
I (1779) spi_flash: flash io: dio
W (1782) spi_flash: Detected size(16384k) larger than the size in the binary image header(4096k). Using the size in the binary image header.
W (1795) i2c: This driver is an old driver, please migrate your application code to adapt `driver/i2c_master.h`
I (1806) main_task: Started on CPU0
I (1816) esp_psram: Reserving pool of 32K of internal memory for DMA/internal allocations
I (1816) main_task: Calling app_main()
I (1816) rx_wavsim: rx-wavsim starting (mfsk-core 0.5.3)
I (1846) rx_wavsim::dual_core: dsp_worker: started on core 1
I (1846) rx_wavsim::dual_core: dsp_worker: spawned on APP_CPU; main is core 0
I (2046) rx_wavsim::stage1_inc: stage1_inc: worker entered
I (2046) rx_wavsim::stage1_inc: stage1_inc: spawned (APP_CPU, prio 3); n_time=184 n_pairs=92 n_freq=1043
I (2106) rx_wavsim::wav_sim: wav_sim: spawned, 3 WAV(s) in playlist
I (2106) rx_wavsim: rx-wavsim: decode loop ready; awaiting wav_sim slot notifications
I (2106) rx_wavsim::wav_sim: wav_sim: starting WAV[0] (360202 bytes)
I (17376) rx_wavsim:   stage 1 (incremental):  147290 us  (184× FFT, 1043 freq bins)
I (17376) rx_wavsim::wav_sim: wav_sim: starting WAV[1] (360202 bytes)
[coarse_sync prof] n_freq=496 n_lag=27  allsum=654 score=192344 dedupe+sort=55490  total=248488 us
[coarse_sync prof] n_freq=496 n_lag=27  allsum=473 score=220559 dedupe+sort=54037  total=275069 us
I (17926) rx_wavsim:   stage 2 (sync):  541766 us  (30 cand)
I (18106) rx_wavsim:   pass 2:          179685 us  → top 15
I (19006) rx_wavsim:   stage 3:         898207 us  (3 result(s))
I (19006) rx_wavsim:   ─── slot total: 1771266 us = 1.771 s
I (19006) rx_wavsim:   Phase-E PoC: stage1_inc 92 / 92 pairs done, 1615159 us total in advance (10% of capture)
I (19016) rx_wavsim:     [0]  1292 Hz  SNR= -7.7 dB  e=0  'CQ R7IW LN35'
I (19026) rx_wavsim:     [1]  2095 Hz  SNR=-10.5 dB  e=6  'CQ DX R6WA LN32'
I (19026) rx_wavsim:     [2]   683 Hz  SNR=-12.6 dB  e=7  'CQ TA6CQ KN70'
I (35046) rx_wavsim:   stage 1 (   fallback): 1194706 us  (184× FFT, 1043 freq bins)
[coarse_sync prof] n_freq=496 n_lag=27  allsum=229771 score=312179 dedupe+sort=64860  total=606810 us
[coarse_sync prof] n_freq=496 n_lag=27  allsum=237076 score=367647 dedupe+sort=55232  total=659955 us
I (35726) rx_wavsim:   stage 2 (sync):  676048 us  (30 cand)
I (35906) rx_wavsim:   pass 2:          176441 us  → top 15
I (36436) rx_wavsim:   stage 3:         525728 us  (5 result(s))
I (36436) rx_wavsim:   ─── slot total: 2577819 us = 2.578 s
I (36436) rx_wavsim:   Phase-E PoC: stage1_inc 91 / 92 pairs done, 1317338 us total in advance (8% of capture)
I (36446) rx_wavsim:     [0]   990 Hz  SNR=-17.9 dB  e=14  'OH3NIV ZS6S RR73'
I (36446) rx_wavsim:     [1]  1292 Hz  SNR=-10.4 dB  e=3  'CQ R7IW LN35'
I (36456) rx_wavsim:     [2]  2098 Hz  SNR=-14.0 dB  e=6  'CQ DX R6WA LN32'
I (36466) rx_wavsim:     [3]   683 Hz  SNR=-14.4 dB  e=1  'CQ TA6CQ KN70'
I (36466) rx_wavsim:     [4]  1031 Hz  SNR=-18.0 dB  e=16  'CQ LZ1JZ KN22'
I (36476) rx_wavsim::wav_sim: wav_sim: starting WAV[2] (360246 bytes)
I (51746) rx_wavsim:   stage 1 (incremental):  145321 us  (184× FFT, 1043 freq bins)
I (51756) rx_wavsim::wav_sim: wav_sim: starting WAV[0] (360202 bytes)
[coarse_sync prof] n_freq=496 n_lag=27  allsum=681 score=215408 dedupe+sort=56891  total=272980 us
[coarse_sync prof] n_freq=496 n_lag=27  allsum=559 score=174453 dedupe+sort=49449  total=224461 us
I (52266) rx_wavsim:   stage 2 (sync):  515694 us  (30 cand)
I (52426) rx_wavsim:   pass 2:          162177 us  → top 15
I (53486) rx_wavsim:   stage 3:        1049103 us  (7 result(s))
I (53486) rx_wavsim:   ─── slot total: 1877082 us = 1.877 s
I (53486) rx_wavsim:   Phase-E PoC: stage1_inc 92 / 92 pairs done, 1333826 us total in advance (8% of capture)
I (53496) rx_wavsim:     [0]  2572 Hz  SNR=-11.7 dB  e=0  'W1FC F5BZB -8'
I (53496) rx_wavsim:     [1]  2156 Hz  SNR=-11.5 dB  e=0  'WM3PEN EA6VQ -9'
I (53506) rx_wavsim:     [2]   589 Hz  SNR=-16.6 dB  e=16  'K1JT HA0DU KN07'
I (53516) rx_wavsim:     [3]   724 Hz  SNR=-12.4 dB  e=6  'A92EE F5PSR -14'
I (53516) rx_wavsim:     [4]  1198 Hz  SNR=-11.1 dB  e=3  'CQ F5RXL IN94'
I (53526) rx_wavsim:     [5]  2733 Hz  SNR=-15.5 dB  e=15  'W1DIG SV9CVY -14'
I (53536) rx_wavsim:     [6]   466 Hz  SNR=-18.0 dB  e=18  'N1PJT HB9CQK -10'
I (69376) rx_wavsim:   stage 1 (   fallback): 1027589 us  (184× FFT, 1043 freq bins)
[coarse_sync prof] n_freq=496 n_lag=27  allsum=262136 score=313831 dedupe+sort=64741  total=640708 us
I (70036) rx_wavsim::wav_sim: wav_sim: starting WAV[1] (360202 bytes)
[coarse_sync prof] n_freq=496 n_lag=27  allsum=289841 score=365765 dedupe+sort=54105  total=709711 us
I (70106) rx_wavsim:   stage 2 (sync):  725806 us  (30 cand)
I (70276) rx_wavsim:   pass 2:          163986 us  → top 15
I (71186) rx_wavsim:   stage 3:         911722 us  (3 result(s))
I (71186) rx_wavsim:   ─── slot total: 2833652 us = 2.834 s
I (71186) rx_wavsim:   Phase-E PoC: stage1_inc 92 / 92 pairs done, 1935339 us total in advance (12% of capture)
I (71196) rx_wavsim:     [0]  1292 Hz  SNR= -7.7 dB  e=0  'CQ R7IW LN35'
I (71206) rx_wavsim:     [1]  2095 Hz  SNR=-10.5 dB  e=6  'CQ DX R6WA LN32'
I (71216) rx_wavsim:     [2]   683 Hz  SNR=-12.6 dB  e=7  'CQ TA6CQ KN70'
I (86376) rx_wavsim:   stage 1 (incremental):  147290 us  (184× FFT, 1043 freq bins)
I (86386) rx_wavsim::wav_sim: wav_sim: starting WAV[2] (360246 bytes)
[coarse_sync prof] n_freq=496 n_lag=27  allsum=681 score=191889 dedupe+sort=54757  total=247327 us
[coarse_sync prof] n_freq=496 n_lag=27  allsum=458 score=220607 dedupe+sort=53965  total=275030 us
I (86926) rx_wavsim:   stage 2 (sync):  540222 us  (30 cand)
I (87096) rx_wavsim:   pass 2:          177276 us  → top 15
I (87246) rx_wavsim:   stage 3:         145154 us  (0 result(s))
I (87246) rx_wavsim:   ─── slot total: 1014305 us = 1.014 s
I (87246) rx_wavsim:   Phase-E PoC: stage1_inc 92 / 92 pairs done, 1616024 us total in advance (10% of capture)
