[0;32mI (13) boot: ESP-IDF v5.1-beta1-378-gea5e0ff298-dirt 2nd stage bootloader[0m
[0;32mI (13) boot: compile time Jun  7 2023 07:48:23[0m
[0;32mI (15) boot: Multicore bootloader[0m
[0;32mI (19) boot: chip revision: v3.1[0m
[0;32mI (23) boot.esp32: SPI Speed      : 40MHz[0m
[0;32mI (27) boot.esp32: SPI Mode       : DIO[0m
[0;32mI (32) boot.esp32: SPI Flash Size : 4MB[0m
[0;32mI (36) boot: Enabling RNG early entropy source...[0m
[0;32mI (42) boot: Partition Table:[0m
[0;32mI (45) boot: ## Label            Usage          Type ST Offset   Length[0m
[0;32mI (53) boot:  0 nvs              WiFi data        01 02 00009000 00006000[0m
[0;32mI (60) boot:  1 phy_init         RF data          01 01 0000f000 00001000[0m
[0;32mI (68) boot:  2 factory          factory app      00 00 00010000 003f0000[0m
[0;32mI (75) boot: End of partition table[0m
[0;32mI (79) esp_image: segment 0: paddr=00010020 vaddr=3f400020 size=12aaf4h (1223412) map[0m
[0;32mI (529) esp_image: segment 1: paddr=0013ab1c vaddr=3ffb0000 size=03fb8h ( 16312) load[0m
[0;32mI (536) esp_image: segment 2: paddr=0013eadc vaddr=40080000 size=0153ch (  5436) load[0m
[0;32mI (539) esp_image: segment 3: paddr=00140020 vaddr=400d0020 size=73354h (471892) map[0m
[0;32mI (714) esp_image: segment 4: paddr=001b337c vaddr=4008153c size=0f900h ( 63744) load[0m
[0;32mI (741) esp_image: segment 5: paddr=001c2c84 vaddr=50000000 size=00020h (    32) load[0m
[0;32mI (750) boot: Loaded app from partition at offset 0x10000[0m
[0;32mI (750) boot: Disabling RNG early entropy source...[0m
I (764) quad_psram: This chip is ESP32-D0WD
I (766) esp_psram: Found 8MB PSRAM device
I (766) esp_psram: Speed: 40MHz
I (766) esp_psram: PSRAM initialized, cache is in low/high (2-core) mode.
W (771) esp_psram: Virtual address not enough for PSRAM, map as much as we can. 4MB is mapped
I (779) cpu_start: Multicore app
I (1687) esp_psram: SPI SRAM memory test OK
I (1695) cpu_start: GPIO 3 and 1 are used as console UART I/O pins
I (1695) cpu_start: Pro cpu start user code
I (1695) cpu_start: cpu freq: 160000000 Hz
I (1697) app_init: Application information:
I (1701) app_init: Project name:     libespidf
I (1705) app_init: App version:      v0.5.2-1-gd8bbcf8-dirty
I (1711) app_init: Compile time:     May  3 2026 08:21:01
I (1716) app_init: ELF file SHA256:  000000000...
I (1720) app_init: ESP-IDF:          v5.5.3
I (1724) efuse_init: Min chip rev:     v0.0
I (1728) efuse_init: Max chip rev:     v3.99 
I (1732) efuse_init: Chip rev:         v3.1
I (1737) heap_init: Initializing. RAM available for dynamic allocation:
I (1743) heap_init: At 3FFAE6E0 len 00001920 (6 KiB): DRAM
I (1748) heap_init: At 3FFD29B0 len 0000D650 (53 KiB): DRAM
I (1753) heap_init: At 3FFE0440 len 00003AE0 (14 KiB): D/IRAM
I (1758) heap_init: At 3FFE4350 len 0001BCB0 (111 KiB): D/IRAM
I (1764) heap_init: At 40090E3C len 0000F1C4 (60 KiB): IRAM
I (1770) esp_psram: Adding pool of 4096K of PSRAM memory to heap allocator
I (1777) spi_flash: detected chip: generic
I (1780) spi_flash: flash io: dio
W (1783) spi_flash: Detected size(16384k) larger than the size in the binary image header(4096k). Using the size in the binary image header.
W (1795) i2c: This driver is an old driver, please migrate your application code to adapt `driver/i2c_master.h`
I (1806) main_task: Started on CPU0
I (1816) esp_psram: Reserving pool of 32K of internal memory for DMA/internal allocations
I (1816) main_task: Calling app_main()
I (1816) rx_wavsim: rx-wavsim starting (mfsk-core 0.5.3)
I (1846) rx_wavsim::dual_core: dsp_worker: started on core 1
I (1846) rx_wavsim::dual_core: dsp_worker: spawned on APP_CPU; main is core 0
I (2046) rx_wavsim::stage1_inc: stage1_inc: worker entered
I (2046) rx_wavsim::stage1_inc: stage1_inc: spawned (APP_CPU, prio 3); n_time=184 n_pairs=92 n_freq=1043
I (2106) rx_wavsim::wav_sim: wav_sim: spawned, 3 WAV(s) in playlist
I (2106) rx_wavsim: rx-wavsim: decode loop ready; awaiting wav_sim slot notifications
I (2106) rx_wavsim::wav_sim: wav_sim: starting WAV[0] (360202 bytes)
I (17376) rx_wavsim:   stage 1 (incremental):  147295 us  (184× FFT, 1043 freq bins)
[coarse_sync prof] n_freq=496 n_lag=27  allsum=949 score=314781 dedupe+sort=69430  total=385160 us
[coarse_sync prof] n_freq=496 n_lag=27  allsum=538 score=357879 dedupe+sort=61049  total=419466 us
I (17816) rx_wavsim:   stage 2 (sync):  435870 us  (30 cand)
I (17996) rx_wavsim:   pass 2:          179642 us  → top 15
I (18876) rx_wavsim:   stage 3:         875389 us  (3 result(s))
I (18876) rx_wavsim:   ─── slot total: 1642615 us = 1.643 s
I (18876) rx_wavsim:   Phase-E PoC: stage1_inc 92 / 92 pairs done, 1615100 us total in advance (10% of capture)
I (18886) rx_wavsim:     [0]  1292 Hz  SNR= -7.7 dB  e=0  'CQ R7IW LN35'
I (18896) rx_wavsim:     [1]  2095 Hz  SNR=-10.5 dB  e=6  'CQ DX R6WA LN32'
I (18896) rx_wavsim:     [2]   683 Hz  SNR=-12.6 dB  e=7  'CQ TA6CQ KN70'
I (18906) rx_wavsim::wav_sim: wav_sim: starting WAV[1] (360202 bytes)
I (34176) rx_wavsim:   stage 1 (incremental):  145352 us  (184× FFT, 1043 freq bins)
[coarse_sync prof] n_freq=496 n_lag=27  allsum=881 score=322563 dedupe+sort=65954  total=389398 us
I (34586) rx_wavsim::wav_sim: wav_sim: starting WAV[2] (360246 bytes)
[coarse_sync prof] n_freq=496 n_lag=27  allsum=1354 score=395853 dedupe+sort=53495  total=450702 us
I (34646) rx_wavsim:   stage 2 (sync):  468525 us  (30 cand)
I (34816) rx_wavsim:   pass 2:          161160 us  → top 15
I (35326) rx_wavsim:   stage 3:         512641 us  (5 result(s))
I (35326) rx_wavsim:   ─── slot total: 1292480 us = 1.292 s
I (35326) rx_wavsim:   Phase-E PoC: stage1_inc 92 / 92 pairs done, 1325143 us total in advance (8% of capture)
I (35336) rx_wavsim:     [0]   990 Hz  SNR=-17.9 dB  e=14  'OH3NIV ZS6S RR73'
I (35346) rx_wavsim:     [1]  1292 Hz  SNR=-10.4 dB  e=3  'CQ R7IW LN35'
I (35356) rx_wavsim:     [2]  2098 Hz  SNR=-14.0 dB  e=6  'CQ DX R6WA LN32'
I (35356) rx_wavsim:     [3]   683 Hz  SNR=-14.4 dB  e=1  'CQ TA6CQ KN70'
I (35366) rx_wavsim:     [4]  1031 Hz  SNR=-18.0 dB  e=16  'CQ LZ1JZ KN22'
I (50536) rx_wavsim:   stage 1 (incremental):  147294 us  (184× FFT, 1043 freq bins)
[coarse_sync prof] n_freq=496 n_lag=27  allsum=940 score=302971 dedupe+sort=70537  total=374448 us
[coarse_sync prof] n_freq=496 n_lag=27  allsum=567 score=339544 dedupe+sort=55398  total=395509 us
I (50956) rx_wavsim:   stage 2 (sync):  411814 us  (30 cand)
I (51126) rx_wavsim:   pass 2:          173164 us  → top 15
I (51256) rx_wavsim::wav_sim: wav_sim: starting WAV[0] (360202 bytes)
I (51276) rx_wavsim:   stage 3:         144753 us  (0 result(s))
I (51276) rx_wavsim:   ─── slot total:  881564 us = 0.882 s
I (51276) rx_wavsim:   Phase-E PoC: stage1_inc 92 / 92 pairs done, 1616196 us total in advance (10% of capture)
I (66526) rx_wavsim:   stage 1 (incremental):  145351 us  (184× FFT, 1043 freq bins)
[coarse_sync prof] n_freq=496 n_lag=27  allsum=880 score=321246 dedupe+sort=65614  total=387740 us
I (66936) rx_wavsim::wav_sim: wav_sim: starting WAV[1] (360202 bytes)
[coarse_sync prof] n_freq=496 n_lag=27  allsum=1368 score=395192 dedupe+sort=53783  total=450343 us
I (66996) rx_wavsim:   stage 2 (sync):  468193 us  (30 cand)
I (67166) rx_wavsim:   pass 2:          164539 us  → top 15
I (67316) rx_wavsim:   stage 3:         149026 us  (0 result(s))
I (67316) rx_wavsim:   ─── slot total:  931900 us = 0.932 s
I (67316) rx_wavsim:   Phase-E PoC: stage1_inc 92 / 92 pairs done, 1336069 us total in advance (8% of capture)
I (82446) rx_wavsim:   stage 1 (incremental):  147294 us  (184× FFT, 1043 freq bins)
[coarse_sync prof] n_freq=496 n_lag=27  allsum=958 score=313528 dedupe+sort=63712  total=378198 us
[coarse_sync prof] n_freq=496 n_lag=27  allsum=567 score=356650 dedupe+sort=56165  total=413382 us
I (82886) rx_wavsim:   stage 2 (sync):  429668 us  (30 cand)
I (83056) rx_wavsim:   pass 2:          177470 us  → top 15
I (83196) rx_wavsim::wav_sim: wav_sim: starting WAV[2] (360246 bytes)
I (83216) rx_wavsim:   stage 3:         150614 us  (0 result(s))
I (83216) rx_wavsim:   ─── slot total:  909573 us = 0.910 s
I (83216) rx_wavsim:   Phase-E PoC: stage1_inc 92 / 92 pairs done, 1614689 us total in advance (10% of capture)
