[0;32mI (13) boot: ESP-IDF v5.1-beta1-378-gea5e0ff298-dirt 2nd stage bootloader[0m
[0;32mI (13) boot: compile time Jun  7 2023 07:48:23[0m
[0;32mI (15) boot: Multicore bootloader[0m
[0;32mI (19) boot: chip revision: v3.1[0m
[0;32mI (23) boot.esp32: SPI Speed      : 40MHz[0m
[0;32mI (27) boot.esp32: SPI Mode       : DIO[0m
[0;32mI (32) boot.esp32: SPI Flash Size : 4MB[0m
[0;32mI (36) boot: Enabling RNG early entropy source...[0m
[0;32mI (42) boot: Partition Table:[0m
[0;32mI (45) boot: ## Label            Usage          Type ST Offset   Length[0m
[0;32mI (53) boot:  0 nvs              WiFi data        01 02 00009000 00006000[0m
[0;32mI (60) boot:  1 phy_init         RF data          01 01 0000f000 00001000[0m
[0;32mI (67) boot:  2 factory          factory app      00 00 00010000 003f0000[0m
[0;32mI (75) boot: End of partition table[0m
[0;32mI (79) esp_image: segment 0: paddr=00010020 vaddr=3f400020 size=12ab44h (1223492) map[0m
[0;32mI (529) esp_image: segment 1: paddr=0013ab6c vaddr=3ffb0000 size=03fb8h ( 16312) load[0m
[0;32mI (536) esp_image: segment 2: paddr=0013eb2c vaddr=40080000 size=014ech (  5356) load[0m
[0;32mI (539) esp_image: segment 3: paddr=00140020 vaddr=400d0020 size=7200ch (466956) map[0m
[0;32mI (712) esp_image: segment 4: paddr=001b2034 vaddr=400814ec size=0f950h ( 63824) load[0m
[0;32mI (739) esp_image: segment 5: paddr=001c198c vaddr=50000000 size=00020h (    32) load[0m
[0;32mI (748) boot: Loaded app from partition at offset 0x10000[0m
[0;32mI (748) boot: Disabling RNG early entropy source...[0m
I (763) quad_psram: This chip is ESP32-D0WD
I (764) esp_psram: Found 8MB PSRAM device
I (764) esp_psram: Speed: 40MHz
I (764) esp_psram: PSRAM initialized, cache is in low/high (2-core) mode.
W (769) esp_psram: Virtual address not enough for PSRAM, map as much as we can. 4MB is mapped
I (778) cpu_start: Multicore app
I (1685) esp_psram: SPI SRAM memory test OK
I (1693) cpu_start: GPIO 3 and 1 are used as console UART I/O pins
I (1693) cpu_start: Pro cpu start user code
I (1693) cpu_start: cpu freq: 160000000 Hz
I (1695) app_init: Application information:
I (1699) app_init: Project name:     libespidf
I (1703) app_init: App version:      v0.5.2-1-gd8bbcf8-dirty
I (1709) app_init: Compile time:     May  3 2026 08:21:01
I (1714) app_init: ELF file SHA256:  000000000...
I (1718) app_init: ESP-IDF:          v5.5.3
I (1722) efuse_init: Min chip rev:     v0.0
I (1726) efuse_init: Max chip rev:     v3.99 
I (1730) efuse_init: Chip rev:         v3.1
I (1735) heap_init: Initializing. RAM available for dynamic allocation:
I (1741) heap_init: At 3FFAE6E0 len 00001920 (6 KiB): DRAM
I (1746) heap_init: At 3FFD29B0 len 0000D650 (53 KiB): DRAM
I (1751) heap_init: At 3FFE0440 len 00003AE0 (14 KiB): D/IRAM
I (1757) heap_init: At 3FFE4350 len 0001BCB0 (111 KiB): D/IRAM
I (1762) heap_init: At 40090E3C len 0000F1C4 (60 KiB): IRAM
I (1768) esp_psram: Adding pool of 4096K of PSRAM memory to heap allocator
I (1775) spi_flash: detected chip: generic
I (1778) spi_flash: flash io: dio
W (1781) spi_flash: Detected size(16384k) larger than the size in the binary image header(4096k). Using the size in the binary image header.
W (1793) i2c: This driver is an old driver, please migrate your application code to adapt `driver/i2c_master.h`
I (1804) main_task: Started on CPU0
I (1814) esp_psram: Reserving pool of 32K of internal memory for DMA/internal allocations
I (1814) main_task: Calling app_main()
I (1814) rx_wavsim: rx-wavsim starting (mfsk-core 0.5.3)
I (1844) rx_wavsim::dual_core: dsp_worker: started on core 1
I (1844) rx_wavsim::dual_core: dsp_worker: spawned on APP_CPU; main is core 0
I (2044) rx_wavsim::stage1_inc: stage1_inc: worker entered
I (2044) rx_wavsim::stage1_inc: stage1_inc: spawned (APP_CPU, prio 3); n_time=184 n_pairs=92 n_freq=1043
I (2104) rx_wavsim::wav_sim: wav_sim: spawned, 3 WAV(s) in playlist
I (2104) rx_wavsim: rx-wavsim: decode loop ready; awaiting wav_sim slot notifications
I (2104) rx_wavsim::wav_sim: wav_sim: starting WAV[0] (360202 bytes)
I (17284) rx_wavsim:   stage 1 (incremental):   50851 us  (184× FFT, 1043 freq bins)
I (17554) rx_wavsim:   diag per-half precompute:  273610 us  (91264 + 91264 cells)
[coarse_sync prof] n_freq=496 n_lag=27  allsum=443 score=206992 dedupe+sort=52239  total=259674 us
[coarse_sync prof] n_freq=496 n_lag=27  allsum=344 score=203658 dedupe+sort=51599  total=255601 us
I (18094) rx_wavsim:   stage 2 (sync):  532038 us  (30 cand)
I (18274) rx_wavsim:   pass 2:          180092 us  → top 15
I (19164) rx_wavsim:   stage 3:         887422 us  (3 result(s))
I (19164) rx_wavsim:   ─── slot total: 1929556 us = 1.930 s
I (19164) rx_wavsim:   Phase-E PoC: stage1_inc 92 / 92 pairs done, 1616529 us total in advance (10% of capture)
I (19174) rx_wavsim:     [0]  1292 Hz  SNR= -7.7 dB  e=0  'CQ R7IW LN35'
I (19174) rx_wavsim:     [1]  2095 Hz  SNR=-10.5 dB  e=6  'CQ DX R6WA LN32'
I (19184) rx_wavsim:     [2]   683 Hz  SNR=-12.6 dB  e=7  'CQ TA6CQ KN70'
I (19194) rx_wavsim::wav_sim: wav_sim: starting WAV[1] (360202 bytes)
I (34364) rx_wavsim:   stage 1 (incremental):   48801 us  (184× FFT, 1043 freq bins)
I (34684) rx_wavsim:   diag per-half precompute:  316354 us  (91264 + 91264 cells)
[coarse_sync prof] n_freq=496 n_lag=27  allsum=574 score=192609 dedupe+sort=51797  total=244980 us
[coarse_sync prof] n_freq=496 n_lag=27  allsum=221 score=190508 dedupe+sort=50038  total=240767 us
I (35184) rx_wavsim:   stage 2 (sync):  500451 us  (30 cand)
I (35344) rx_wavsim:   pass 2:          163610 us  → top 15
I (35864) rx_wavsim:   stage 3:         515173 us  (5 result(s))
I (35864) rx_wavsim:   ─── slot total: 1549665 us = 1.550 s
I (35864) rx_wavsim:   Phase-E PoC: stage1_inc 92 / 92 pairs done, 1575980 us total in advance (10% of capture)
I (35874) rx_wavsim:     [0]   990 Hz  SNR=-17.9 dB  e=14  'OH3NIV ZS6S RR73'
I (35884) rx_wavsim:     [1]  1292 Hz  SNR=-10.4 dB  e=3  'CQ R7IW LN35'
I (35884) rx_wavsim:     [2]  2098 Hz  SNR=-14.0 dB  e=6  'CQ DX R6WA LN32'
I (35894) rx_wavsim:     [3]   683 Hz  SNR=-14.4 dB  e=1  'CQ TA6CQ KN70'
I (35904) rx_wavsim:     [4]  1031 Hz  SNR=-18.0 dB  e=16  'CQ LZ1JZ KN22'
I (35904) rx_wavsim::wav_sim: wav_sim: starting WAV[2] (360246 bytes)
I (51084) rx_wavsim:   stage 1 (incremental):   50851 us  (184× FFT, 1043 freq bins)
I (51354) rx_wavsim:   diag per-half precompute:  273612 us  (91264 + 91264 cells)
[coarse_sync prof] n_freq=496 n_lag=27  allsum=444 score=184708 dedupe+sort=50519  total=235671 us
[coarse_sync prof] n_freq=496 n_lag=27  allsum=344 score=186386 dedupe+sort=60861  total=247591 us
I (51854) rx_wavsim:   stage 2 (sync):  499332 us  (30 cand)
I (52034) rx_wavsim:   pass 2:          178875 us  → top 15
I (53084) rx_wavsim:   stage 3:        1049574 us  (7 result(s))
I (53094) rx_wavsim:   ─── slot total: 2057836 us = 2.058 s
I (53094) rx_wavsim:   Phase-E PoC: stage1_inc 92 / 92 pairs done, 1618099 us total in advance (10% of capture)
I (53104) rx_wavsim:     [0]  2572 Hz  SNR=-11.7 dB  e=0  'W1FC F5BZB -8'
I (53104) rx_wavsim:     [1]  2156 Hz  SNR=-11.5 dB  e=0  'WM3PEN EA6VQ -9'
I (53114) rx_wavsim:     [2]   589 Hz  SNR=-16.6 dB  e=16  'K1JT HA0DU KN07'
I (53124) rx_wavsim:     [3]   724 Hz  SNR=-12.4 dB  e=6  'A92EE F5PSR -14'
I (53124) rx_wavsim:     [4]  1198 Hz  SNR=-11.1 dB  e=3  'CQ F5RXL IN94'
I (53134) rx_wavsim:     [5]  2733 Hz  SNR=-15.5 dB  e=15  'W1DIG SV9CVY -14'
I (53144) rx_wavsim:     [6]   466 Hz  SNR=-18.0 dB  e=18  'N1PJT HB9CQK -10'
I (53144) rx_wavsim::wav_sim: wav_sim: starting WAV[0] (360202 bytes)
I (68324) rx_wavsim:   stage 1 (incremental):   48801 us  (184× FFT, 1043 freq bins)
I (68644) rx_wavsim:   diag per-half precompute:  316356 us  (91264 + 91264 cells)
[coarse_sync prof] n_freq=496 n_lag=27  allsum=574 score=192629 dedupe+sort=51774  total=244977 us
[coarse_sync prof] n_freq=496 n_lag=27  allsum=221 score=191132 dedupe+sort=50341  total=241694 us
I (69144) rx_wavsim:   stage 2 (sync):  501369 us  (30 cand)
I (69304) rx_wavsim:   pass 2:          164621 us  → top 15
I (70184) rx_wavsim:   stage 3:         876005 us  (3 result(s))
I (70184) rx_wavsim:   ─── slot total: 1912452 us = 1.912 s
I (70184) rx_wavsim:   Phase-E PoC: stage1_inc 92 / 92 pairs done, 1569028 us total in advance (10% of capture)
I (70194) rx_wavsim:     [0]  1292 Hz  SNR= -7.7 dB  e=0  'CQ R7IW LN35'
I (70204) rx_wavsim:     [1]  2095 Hz  SNR=-10.5 dB  e=6  'CQ DX R6WA LN32'
I (70214) rx_wavsim:     [2]   683 Hz  SNR=-12.6 dB  e=7  'CQ TA6CQ KN70'
I (70214) rx_wavsim::wav_sim: wav_sim: starting WAV[1] (360202 bytes)
I (85394) rx_wavsim:   stage 1 (incremental):   50851 us  (184× FFT, 1043 freq bins)
I (85664) rx_wavsim:   diag per-half precompute:  273604 us  (91264 + 91264 cells)
[coarse_sync prof] n_freq=496 n_lag=27  allsum=443 score=206994 dedupe+sort=51675  total=259112 us
[coarse_sync prof] n_freq=496 n_lag=27  allsum=336 score=202921 dedupe+sort=51274  total=254531 us
I (86194) rx_wavsim:   stage 2 (sync):  530076 us  (30 cand)
I (86374) rx_wavsim:   pass 2:          175841 us  → top 15
I (86894) rx_wavsim:   stage 3:         519544 us  (5 result(s))
I (86894) rx_wavsim:   ─── slot total: 1555480 us = 1.555 s
I (86894) rx_wavsim:   Phase-E PoC: stage1_inc 92 / 92 pairs done, 1617684 us total in advance (10% of capture)
I (86904) rx_wavsim:     [0]   990 Hz  SNR=-17.9 dB  e=14  'OH3NIV ZS6S RR73'
I (86914) rx_wavsim:     [1]  1292 Hz  SNR=-10.4 dB  e=3  'CQ R7IW LN35'
I (86924) rx_wavsim:     [2]  2098 Hz  SNR=-14.0 dB  e=6  'CQ DX R6WA LN32'
I (86924) rx_wavsim:     [3]   683 Hz  SNR=-14.4 dB  e=1  'CQ TA6CQ KN70'
I (86934) rx_wavsim:     [4]  1031 Hz  SNR=-18.0 dB  e=16  'CQ LZ1JZ KN22'
I (86944) rx_wavsim::wav_sim: wav_sim: starting WAV[2] (360246 bytes)
