[2026-05-02T09:47:45Z INFO ] 🚀 A new version of espflash is available: v4.4.0
[2026-05-02T09:47:45Z INFO ] Serial port: '/dev/ttyACM0'
[2026-05-02T09:47:45Z INFO ] Connecting...
[2026-05-02T09:47:45Z INFO ] Using flash stub
ets Jul 29 2019 12:21:46

rst:0x1 (POWERON_RESET),boot:0x17 (SPI_FAST_FLASH_BOOT)
configsip: 0, SPIWP:0xee
clk_drv:0x00,q_drv:0x00,d_drv:0x00,cs0_drv:0x00,hd_drv:0x00,wp_drv:0x00
mode:DIO, clock div:2
load:0x3fff0030,len:7104
load:0x40078000,len:15576
load:0x40080400,len:4
ho 8 tail 4 room 4
load:0x40080404,len:3876
entry 0x4008064c
[0;32mI (31) boot: ESP-IDF v5.1-beta1-378-gea5e0ff298-dirt 2nd stage bootloader[0m
[0;32mI (31) boot: compile time Jun  7 2023 07:48:23[0m
[0;32mI (33) boot: Multicore bootloader[0m
[0;32mI (37) boot: chip revision: v3.1[0m
[0;32mI (41) boot.esp32: SPI Speed      : 40MHz[0m
[0;32mI (46) boot.esp32: SPI Mode       : DIO[0m
[0;32mI (50) boot.esp32: SPI Flash Size : 4MB[0m
[0;32mI (55) boot: Enabling RNG early entropy source...[0m
[0;32mI (60) boot: Partition Table:[0m
[0;32mI (64) boot: ## Label            Usage          Type ST Offset   Length[0m
[0;32mI (71) boot:  0 nvs              WiFi data        01 02 00009000 00006000[0m
[0;32mI (79) boot:  1 phy_init         RF data          01 01 0000f000 00001000[0m
[0;32mI (86) boot:  2 factory          factory app      00 00 00010000 003f0000[0m
[0;32mI (94) boot: End of partition table[0m
[0;32mI (98) esp_image: segment 0: paddr=00010020 vaddr=3f400020 size=126368h (1205096) map[0m
[0;32mI (542) esp_image: segment 1: paddr=00136390 vaddr=3ffb0000 size=02f98h ( 12184) load[0m
[0;32mI (547) esp_image: segment 2: paddr=00139330 vaddr=40080000 size=06ce8h ( 27880) load[0m
[0;32mI (559) esp_image: segment 3: paddr=00140020 vaddr=400d0020 size=6d544h (447812) map[0m
[0;32mI (721) esp_image: segment 4: paddr=001ad56c vaddr=40086ce8 size=0a104h ( 41220) load[0m
[0;32mI (738) esp_image: segment 5: paddr=001b7678 vaddr=50000000 size=00020h (    32) load[0m
[0;32mI (747) boot: Loaded app from partition at offset 0x10000[0m
[0;32mI (747) boot: Disabling RNG early entropy source...[0m
I (762) quad_psram: This chip is ESP32-D0WD
I (763) esp_psram: Found 8MB PSRAM device
I (763) esp_psram: Speed: 40MHz
I (763) esp_psram: PSRAM initialized, cache is in low/high (2-core) mode.
W (769) esp_psram: Virtual address not enough for PSRAM, map as much as we can. 4MB is mapped
I (777) cpu_start: Multicore app
I (1684) esp_psram: SPI SRAM memory test OK
I (1692) cpu_start: GPIO 3 and 1 are used as console UART I/O pins
I (1692) cpu_start: Pro cpu start user code
I (1693) cpu_start: cpu freq: 160000000 Hz
I (1695) app_init: Application information:
I (1698) app_init: Project name:     libespidf
I (1703) app_init: App version:      v0.4.4-14-gbc9e4be
I (1708) app_init: Compile time:     May  2 2026 10:02:09
I (1713) app_init: ELF file SHA256:  000000000...
I (1717) app_init: ESP-IDF:          v5.5.3
I (1721) efuse_init: Min chip rev:     v0.0
I (1725) efuse_init: Max chip rev:     v3.99 
I (1729) efuse_init: Chip rev:         v3.1
I (1733) heap_init: Initializing. RAM available for dynamic allocation:
I (1739) heap_init: At 3FFAE6E0 len 00001920 (6 KiB): DRAM
I (1745) heap_init: At 3FFC2960 len 0001D6A0 (117 KiB): DRAM
I (1750) heap_init: At 3FFE0440 len 00003AE0 (14 KiB): D/IRAM
I (1755) heap_init: At 3FFE4350 len 0001BCB0 (111 KiB): D/IRAM
I (1761) heap_init: At 40090DEC len 0000F214 (60 KiB): IRAM
I (1767) esp_psram: Adding pool of 4096K of PSRAM memory to heap allocator
I (1774) spi_flash: detected chip: generic
I (1777) spi_flash: flash io: dio
W (1780) spi_flash: Detected size(16384k) larger than the size in the binary image header(4096k). Using the size in the binary image header.
I (1793) main_task: Started on CPU0
I (1803) esp_psram: Reserving pool of 32K of internal memory for DMA/internal allocations
I (1803) main_task: Calling app_main()
I (1803) mfsk_core_m5stack_core2: mfsk-core-m5stack-core2 PoC starting
I (1803) mfsk_core_m5stack_core2: mfsk-core version: 0.4.4
I (1813) mfsk_core_m5stack_core2: free heap: internal = 194 KB (largest contig 76 KB), PSRAM = 4093 KB
I (1823) mfsk_core_m5stack_core2: decode_block: NFFT_SPEC=4096, NMS α=0.75, Bp, parabolic-dt, Costas-first
I (1833) mfsk_core_m5stack_core2: baked WAVs: 3
I (2333) mfsk_core_m5stack_core2: 
════════════════════════════════════════════
I (2333) mfsk_core_m5stack_core2: RUN: max_cand=15  dt_grid=0  df_grid=0  q>12
I (2343) mfsk_core_m5stack_core2: ════════════════════════════════════════════
I (2353) mfsk_core_m5stack_core2: 
WAV: qso1 (191111_110130)
I (3383) mfsk_core_m5stack_core2:   stage 1 (spec):        1025810 us  (184× FFT, 1043 freq bins)
[coarse_sync prof] n_freq=991 n_lag=27  allsum=225235 score=428183 dedupe+sort=108076  total=761494 us
I (4163) mfsk_core_m5stack_core2:   stage 2 (sync):         776778 us  (30 cand)
I (4553) mfsk_core_m5stack_core2:   pass 2 (re-rank):       384247 us  → top 15 by sync_quality_block0
I (5413) mfsk_core_m5stack_core2:   stage 3 (refine+BP):    854470 us  (3 result(s))
I (5413) mfsk_core_m5stack_core2:   ─── total decode:     3048161 us = 3.048 s
I (5413) mfsk_core_m5stack_core2:     [0]  1292 Hz  SNR= -7.7 dB  e=0  'CQ R7IW LN35'
I (5423) mfsk_core_m5stack_core2:     [1]  2095 Hz  SNR=-10.5 dB  e=3  'CQ DX R6WA LN32'
I (5433) mfsk_core_m5stack_core2:     [2]   683 Hz  SNR=-12.6 dB  e=7  'CQ TA6CQ KN70'
I (5433) mfsk_core_m5stack_core2: 
WAV: qso2 (191111_110200)
I (6453) mfsk_core_m5stack_core2:   stage 1 (spec):        1012431 us  (184× FFT, 1043 freq bins)
[coarse_sync prof] n_freq=991 n_lag=27  allsum=225234 score=427361 dedupe+sort=111679  total=764274 us
I (7233) mfsk_core_m5stack_core2:   stage 2 (sync):         779270 us  (30 cand)
I (7633) mfsk_core_m5stack_core2:   pass 2 (re-rank):       390604 us  → top 15 by sync_quality_block0
I (8713) mfsk_core_m5stack_core2:   stage 3 (refine+BP):   1086197 us  (5 result(s))
I (8723) mfsk_core_m5stack_core2:   ─── total decode:     3275357 us = 3.275 s
I (8723) mfsk_core_m5stack_core2:     [0]   990 Hz  SNR=-17.9 dB  e=15  'OH3NIV ZS6S RR73'
I (8733) mfsk_core_m5stack_core2:     [1]  1292 Hz  SNR=-10.4 dB  e=5  'CQ R7IW LN35'
I (8733) mfsk_core_m5stack_core2:     [2]  2098 Hz  SNR=-14.0 dB  e=6  'CQ DX R6WA LN32'
I (8743) mfsk_core_m5stack_core2:     [3]   683 Hz  SNR=-14.4 dB  e=2  'CQ TA6CQ KN70'
I (8753) mfsk_core_m5stack_core2:     [4]  1031 Hz  SNR=-18.0 dB  e=17  'CQ LZ1JZ KN22'
I (8763) mfsk_core_m5stack_core2: 
WAV: qso3 busy band (210703)
I (9783) mfsk_core_m5stack_core2:   stage 1 (spec):        1012423 us  (184× FFT, 1043 freq bins)
[coarse_sync prof] n_freq=991 n_lag=27  allsum=225231 score=385593 dedupe+sort=113927  total=724751 us
I (10523) mfsk_core_m5stack_core2:   stage 2 (sync):         739732 us  (30 cand)
I (10913) mfsk_core_m5stack_core2:   pass 2 (re-rank):       385786 us  → top 15 by sync_quality_block0
I (13863) mfsk_core_m5stack_core2:   stage 3 (refine+BP):   2953551 us  (7 result(s))
I (13863) mfsk_core_m5stack_core2:   ─── total decode:     5098441 us = 5.098 s
I (13873) mfsk_core_m5stack_core2:     [0]  2156 Hz  SNR=-11.5 dB  e=0  'WM3PEN EA6VQ -9'
I (13873) mfsk_core_m5stack_core2:     [1]  2572 Hz  SNR=-11.7 dB  e=0  'W1FC F5BZB -8'
I (13883) mfsk_core_m5stack_core2:     [2]   589 Hz  SNR=-16.6 dB  e=17  'K1JT HA0DU KN07'
I (13893) mfsk_core_m5stack_core2:     [3]   724 Hz  SNR=-12.4 dB  e=3  'A92EE F5PSR -14'
I (13903) mfsk_core_m5stack_core2:     [4]  2733 Hz  SNR=-15.5 dB  e=15  'W1DIG SV9CVY -14'
I (13913) mfsk_core_m5stack_core2:     [5]  1198 Hz  SNR=-10.5 dB  e=2  'CQ F5RXL IN94'
I (13913) mfsk_core_m5stack_core2:     [6]   466 Hz  SNR=-18.2 dB  e=18  'N1PJT HB9CQK -10'
I (13923) mfsk_core_m5stack_core2: 
════════════════════════════════════════════
I (13943) mfsk_core_m5stack_core2: RUN: max_cand=20  dt_grid=0  df_grid=0  q>12
I (13943) mfsk_core_m5stack_core2: ════════════════════════════════════════════
I (13963) mfsk_core_m5stack_core2: 
WAV: qso1 (191111_110130)
I (14983) mfsk_core_m5stack_core2:   stage 1 (spec):        1012447 us  (184× FFT, 1043 freq bins)
[coarse_sync prof] n_freq=991 n_lag=27  allsum=225260 score=428141 dedupe+sort=112039  total=765440 us
I (15763) mfsk_core_m5stack_core2:   stage 2 (sync):         780429 us  (30 cand)
I (16153) mfsk_core_m5stack_core2:   pass 2 (re-rank):       384192 us  → top 20 by sync_quality_block0
I (17183) mfsk_core_m5stack_core2:   stage 3 (refine+BP):   1026771 us  (3 result(s))
I (17183) mfsk_core_m5stack_core2:   ─── total decode:     3210777 us = 3.211 s
I (17183) mfsk_core_m5stack_core2:     [0]  1292 Hz  SNR= -7.7 dB  e=0  'CQ R7IW LN35'
I (17193) mfsk_core_m5stack_core2:     [1]  2095 Hz  SNR=-10.5 dB  e=3  'CQ DX R6WA LN32'
I (17203) mfsk_core_m5stack_core2:     [2]   683 Hz  SNR=-12.6 dB  e=7  'CQ TA6CQ KN70'
I (17203) mfsk_core_m5stack_core2: 
WAV: qso2 (191111_110200)
I (18223) mfsk_core_m5stack_core2:   stage 1 (spec):        1012429 us  (184× FFT, 1043 freq bins)
[coarse_sync prof] n_freq=991 n_lag=27  allsum=225234 score=427350 dedupe+sort=111684  total=764268 us
I (19003) mfsk_core_m5stack_core2:   stage 2 (sync):         779265 us  (30 cand)
I (19403) mfsk_core_m5stack_core2:   pass 2 (re-rank):       390349 us  → top 20 by sync_quality_block0
I (20663) mfsk_core_m5stack_core2:   stage 3 (refine+BP):   1261722 us  (5 result(s))
I (20663) mfsk_core_m5stack_core2:   ─── total decode:     3450707 us = 3.451 s
I (20673) mfsk_core_m5stack_core2:     [0]  2098 Hz  SNR=-14.0 dB  e=6  'CQ DX R6WA LN32'
I (20673) mfsk_core_m5stack_core2:     [1]   990 Hz  SNR=-17.9 dB  e=15  'OH3NIV ZS6S RR73'
I (20683) mfsk_core_m5stack_core2:     [2]  1292 Hz  SNR=-10.4 dB  e=5  'CQ R7IW LN35'
I (20693) mfsk_core_m5stack_core2:     [3]  1031 Hz  SNR=-18.0 dB  e=17  'CQ LZ1JZ KN22'
I (20703) mfsk_core_m5stack_core2:     [4]   683 Hz  SNR=-14.4 dB  e=2  'CQ TA6CQ KN70'
I (20703) mfsk_core_m5stack_core2: 
WAV: qso3 busy band (210703)
I (21723) mfsk_core_m5stack_core2:   stage 1 (spec):        1012423 us  (184× FFT, 1043 freq bins)
[coarse_sync prof] n_freq=991 n_lag=27  allsum=225229 score=385587 dedupe+sort=113908  total=724724 us
I (22463) mfsk_core_m5stack_core2:   stage 2 (sync):         739716 us  (30 cand)
