[2026-05-02T09:19:33Z INFO ] 🚀 A new version of espflash is available: v4.4.0
[2026-05-02T09:19:33Z INFO ] Serial port: '/dev/ttyACM0'
[2026-05-02T09:19:33Z INFO ] Connecting...
[2026-05-02T09:19:33Z INFO ] Using flash stub
ets Jul 29 2019 12:21:46

rst:0x1 (POWERON_RESET),boot:0x17 (SPI_FAST_FLASH_BOOT)
configsip: 0, SPIWP:0xee
clk_drv:0x00,q_drv:0x00,d_drv:0x00,cs0_drv:0x00,hd_drv:0x00,wp_drv:0x00
mode:DIO, clock div:2
load:0x3fff0030,len:7104
load:0x40078000,len:15576
load:0x40080400,len:4
ho 8 tail 4 room 4
load:0x40080404,len:3876
entry 0x4008064c
[0;32mI (31) boot: ESP-IDF v5.1-beta1-378-gea5e0ff298-dirt 2nd stage bootloader[0m
[0;32mI (31) boot: compile time Jun  7 2023 07:48:23[0m
[0;32mI (33) boot: Multicore bootloader[0m
[0;32mI (37) boot: chip revision: v3.1[0m
[0;32mI (41) boot.esp32: SPI Speed      : 40MHz[0m
[0;32mI (46) boot.esp32: SPI Mode       : DIO[0m
[0;32mI (50) boot.esp32: SPI Flash Size : 4MB[0m
[0;32mI (55) boot: Enabling RNG early entropy source...[0m
[0;32mI (60) boot: Partition Table:[0m
[0;32mI (64) boot: ## Label            Usage          Type ST Offset   Length[0m
[0;32mI (71) boot:  0 nvs              WiFi data        01 02 00009000 00006000[0m
[0;32mI (79) boot:  1 phy_init         RF data          01 01 0000f000 00001000[0m
[0;32mI (86) boot:  2 factory          factory app      00 00 00010000 003f0000[0m
[0;32mI (94) boot: End of partition table[0m
[0;32mI (98) esp_image: segment 0: paddr=00010020 vaddr=3f400020 size=1263b8h (1205176) map[0m
[0;32mI (542) esp_image: segment 1: paddr=001363e0 vaddr=3ffb0000 size=02f98h ( 12184) load[0m
[0;32mI (547) esp_image: segment 2: paddr=00139380 vaddr=40080000 size=06c98h ( 27800) load[0m
[0;32mI (559) esp_image: segment 3: paddr=00140020 vaddr=400d0020 size=6d514h (447764) map[0m
[0;32mI (721) esp_image: segment 4: paddr=001ad53c vaddr=40086c98 size=0a154h ( 41300) load[0m
[0;32mI (738) esp_image: segment 5: paddr=001b7698 vaddr=50000000 size=00020h (    32) load[0m
[0;32mI (747) boot: Loaded app from partition at offset 0x10000[0m
[0;32mI (747) boot: Disabling RNG early entropy source...[0m
I (762) quad_psram: This chip is ESP32-D0WD
I (763) esp_psram: Found 8MB PSRAM device
I (763) esp_psram: Speed: 40MHz
I (763) esp_psram: PSRAM initialized, cache is in low/high (2-core) mode.
W (769) esp_psram: Virtual address not enough for PSRAM, map as much as we can. 4MB is mapped
I (777) cpu_start: Multicore app
I (1684) esp_psram: SPI SRAM memory test OK
I (1692) cpu_start: GPIO 3 and 1 are used as console UART I/O pins
I (1693) cpu_start: Pro cpu start user code
I (1693) cpu_start: cpu freq: 160000000 Hz
I (1695) app_init: Application information:
I (1699) app_init: Project name:     libespidf
I (1703) app_init: App version:      v0.4.4-14-gbc9e4be
I (1708) app_init: Compile time:     May  2 2026 10:02:09
I (1713) app_init: ELF file SHA256:  000000000...
I (1717) app_init: ESP-IDF:          v5.5.3
I (1721) efuse_init: Min chip rev:     v0.0
I (1725) efuse_init: Max chip rev:     v3.99 
I (1729) efuse_init: Chip rev:         v3.1
I (1734) heap_init: Initializing. RAM available for dynamic allocation:
I (1740) heap_init: At 3FFAE6E0 len 00001920 (6 KiB): DRAM
I (1745) heap_init: At 3FFC2960 len 0001D6A0 (117 KiB): DRAM
I (1750) heap_init: At 3FFE0440 len 00003AE0 (14 KiB): D/IRAM
I (1756) heap_init: At 3FFE4350 len 0001BCB0 (111 KiB): D/IRAM
I (1761) heap_init: At 40090DEC len 0000F214 (60 KiB): IRAM
I (1767) esp_psram: Adding pool of 4096K of PSRAM memory to heap allocator
I (1775) spi_flash: detected chip: generic
I (1777) spi_flash: flash io: dio
W (1780) spi_flash: Detected size(16384k) larger than the size in the binary image header(4096k). Using the size in the binary image header.
I (1793) main_task: Started on CPU0
I (1803) esp_psram: Reserving pool of 32K of internal memory for DMA/internal allocations
I (1803) main_task: Calling app_main()
I (1803) mfsk_core_m5stack_core2: mfsk-core-m5stack-core2 PoC starting
I (1803) mfsk_core_m5stack_core2: mfsk-core version: 0.4.4
I (1813) mfsk_core_m5stack_core2: free heap: internal = 194 KB (largest contig 76 KB), PSRAM = 4093 KB
I (1823) mfsk_core_m5stack_core2: decode_block: NFFT_SPEC=4096, NMS α=0.75, Bp, parabolic-dt, Costas-first
I (1833) mfsk_core_m5stack_core2: baked WAVs: 3
I (2333) mfsk_core_m5stack_core2: 
════════════════════════════════════════════
I (2333) mfsk_core_m5stack_core2: RUN: max_cand=15  dt_grid=0  df_grid=0  q>12
I (2343) mfsk_core_m5stack_core2: ════════════════════════════════════════════
I (2353) mfsk_core_m5stack_core2: 
WAV: qso1 (191111_110130)
I (3383) mfsk_core_m5stack_core2:   stage 1 (spec):        1025772 us  (184× FFT, 1043 freq bins)
[coarse_sync prof] n_freq=991 n_lag=27  allsum=225303 score=414561 dedupe+sort=101554  total=741418 us
I (4143) mfsk_core_m5stack_core2:   stage 2 (sync):         756774 us  (30 cand)
I (4533) mfsk_core_m5stack_core2:   pass 2 (re-rank):       384317 us  → top 15 by sync_quality_block0
I (5393) mfsk_core_m5stack_core2:   stage 3 (refine+BP):    858015 us  (3 result(s))
I (5393) mfsk_core_m5stack_core2:   ─── total decode:     3031791 us = 3.032 s
I (5393) mfsk_core_m5stack_core2:     [0]  1292 Hz  SNR= -7.7 dB  e=0  'CQ R7IW LN35'
I (5403) mfsk_core_m5stack_core2:     [1]  2095 Hz  SNR=-10.5 dB  e=3  'CQ DX R6WA LN32'
I (5413) mfsk_core_m5stack_core2:     [2]   683 Hz  SNR=-12.6 dB  e=7  'CQ TA6CQ KN70'
I (5423) mfsk_core_m5stack_core2: 
WAV: qso2 (191111_110200)
I (6443) mfsk_core_m5stack_core2:   stage 1 (spec):        1012362 us  (184× FFT, 1043 freq bins)
[coarse_sync prof] n_freq=991 n_lag=27  allsum=225287 score=413793 dedupe+sort=105137  total=744217 us
I (7203) mfsk_core_m5stack_core2:   stage 2 (sync):         759281 us  (30 cand)
I (7593) mfsk_core_m5stack_core2:   pass 2 (re-rank):       390662 us  → top 15 by sync_quality_block0
I (8693) mfsk_core_m5stack_core2:   stage 3 (refine+BP):   1097680 us  (5 result(s))
I (8693) mfsk_core_m5stack_core2:   ─── total decode:     3266893 us = 3.267 s
I (8693) mfsk_core_m5stack_core2:     [0]   990 Hz  SNR=-17.9 dB  e=15  'OH3NIV ZS6S RR73'
I (8703) mfsk_core_m5stack_core2:     [1]  1292 Hz  SNR=-10.4 dB  e=5  'CQ R7IW LN35'
I (8713) mfsk_core_m5stack_core2:     [2]  2098 Hz  SNR=-14.0 dB  e=6  'CQ DX R6WA LN32'
I (8723) mfsk_core_m5stack_core2:     [3]   683 Hz  SNR=-14.4 dB  e=2  'CQ TA6CQ KN70'
I (8733) mfsk_core_m5stack_core2:     [4]  1031 Hz  SNR=-18.0 dB  e=17  'CQ LZ1JZ KN22'
I (8733) mfsk_core_m5stack_core2: 
WAV: qso3 busy band (210703)
I (9753) mfsk_core_m5stack_core2:   stage 1 (spec):        1012428 us  (184× FFT, 1043 freq bins)
[coarse_sync prof] n_freq=991 n_lag=27  allsum=225293 score=380513 dedupe+sort=106259  total=712065 us
I (10483) mfsk_core_m5stack_core2:   stage 2 (sync):         727119 us  (30 cand)
I (10873) mfsk_core_m5stack_core2:   pass 2 (re-rank):       385524 us  → top 15 by sync_quality_block0
I (13843) mfsk_core_m5stack_core2:   stage 3 (refine+BP):   2970993 us  (7 result(s))
I (13843) mfsk_core_m5stack_core2:   ─── total decode:     5103073 us = 5.103 s
I (13853) mfsk_core_m5stack_core2:     [0]  2156 Hz  SNR=-11.5 dB  e=0  'WM3PEN EA6VQ -9'
I (13863) mfsk_core_m5stack_core2:     [1]  2572 Hz  SNR=-11.7 dB  e=0  'W1FC F5BZB -8'
I (13863) mfsk_core_m5stack_core2:     [2]   589 Hz  SNR=-16.6 dB  e=17  'K1JT HA0DU KN07'
I (13873) mfsk_core_m5stack_core2:     [3]   724 Hz  SNR=-12.4 dB  e=3  'A92EE F5PSR -14'
I (13883) mfsk_core_m5stack_core2:     [4]  2733 Hz  SNR=-15.5 dB  e=15  'W1DIG SV9CVY -14'
I (13893) mfsk_core_m5stack_core2:     [5]  1198 Hz  SNR=-10.5 dB  e=2  'CQ F5RXL IN94'
I (13893) mfsk_core_m5stack_core2:     [6]   466 Hz  SNR=-18.2 dB  e=18  'N1PJT HB9CQK -10'
I (13903) mfsk_core_m5stack_core2: 
════════════════════════════════════════════
I (13923) mfsk_core_m5stack_core2: RUN: max_cand=20  dt_grid=0  df_grid=0  q>12
I (13923) mfsk_core_m5stack_core2: ════════════════════════════════════════════
I (13943) mfsk_core_m5stack_core2: 
WAV: qso1 (191111_110130)
I (14963) mfsk_core_m5stack_core2:   stage 1 (spec):        1012422 us  (184× FFT, 1043 freq bins)
[coarse_sync prof] n_freq=991 n_lag=27  allsum=225324 score=414546 dedupe+sort=105498  total=745368 us
I (15723) mfsk_core_m5stack_core2:   stage 2 (sync):         760415 us  (30 cand)
I (16113) mfsk_core_m5stack_core2:   pass 2 (re-rank):       384225 us  → top 20 by sync_quality_block0
I (17143) mfsk_core_m5stack_core2:   stage 3 (refine+BP):   1033259 us  (3 result(s))
I (17143) mfsk_core_m5stack_core2:   ─── total decode:     3197338 us = 3.197 s
I (17153) mfsk_core_m5stack_core2:     [0]  1292 Hz  SNR= -7.7 dB  e=0  'CQ R7IW LN35'
I (17153) mfsk_core_m5stack_core2:     [1]  2095 Hz  SNR=-10.5 dB  e=3  'CQ DX R6WA LN32'
I (17163) mfsk_core_m5stack_core2:     [2]   683 Hz  SNR=-12.6 dB  e=7  'CQ TA6CQ KN70'
I (17173) mfsk_core_m5stack_core2: 
WAV: qso2 (191111_110200)
I (18193) mfsk_core_m5stack_core2:   stage 1 (spec):        1012416 us  (184× FFT, 1043 freq bins)
[coarse_sync prof] n_freq=991 n_lag=27  allsum=225313 score=413787 dedupe+sort=105154  total=744254 us
I (18953) mfsk_core_m5stack_core2:   stage 2 (sync):         759297 us  (30 cand)
I (19343) mfsk_core_m5stack_core2:   pass 2 (re-rank):       390342 us  → top 20 by sync_quality_block0
I (20623) mfsk_core_m5stack_core2:   stage 3 (refine+BP):   1272941 us  (5 result(s))
I (20623) mfsk_core_m5stack_core2:   ─── total decode:     3442013 us = 3.442 s
I (20623) mfsk_core_m5stack_core2:     [0]  2098 Hz  SNR=-14.0 dB  e=6  'CQ DX R6WA LN32'
I (20633) mfsk_core_m5stack_core2:     [1]   990 Hz  SNR=-17.9 dB  e=15  'OH3NIV ZS6S RR73'
I (20643) mfsk_core_m5stack_core2:     [2]  1292 Hz  SNR=-10.4 dB  e=5  'CQ R7IW LN35'
I (20653) mfsk_core_m5stack_core2:     [3]  1031 Hz  SNR=-18.0 dB  e=17  'CQ LZ1JZ KN22'
I (20653) mfsk_core_m5stack_core2:     [4]   683 Hz  SNR=-14.4 dB  e=2  'CQ TA6CQ KN70'
I (20663) mfsk_core_m5stack_core2: 
WAV: qso3 busy band (210703)
I (21683) mfsk_core_m5stack_core2:   stage 1 (spec):        1012424 us  (184× FFT, 1043 freq bins)
[coarse_sync prof] n_freq=991 n_lag=27  allsum=225322 score=380533 dedupe+sort=106264  total=712119 us
I (22413) mfsk_core_m5stack_core2:   stage 2 (sync):         727162 us  (30 cand)
I (22803) mfsk_core_m5stack_core2:   pass 2 (re-rank):       385322 us  → top 20 by sync_quality_block0
